../Core/Src/ lsm303dlhc.c:15:13:Error	8	static
../Core/Src/ lsm303dlhc.c:19:6:Accel_Ini	16	static
../Core/Src/ lsm303dlhc.c:39:6:AccInit	24	static
../Core/Src/ lsm303dlhc.c:47:16:I2C1_ReadData	40	static
../Core/Src/ lsm303dlhc.c:59:9:Accel_IO_Read	16	static
../Core/Src/ lsm303dlhc.c:63:9:Accel_ReadID	16	static
../Core/Src/ lsm303dlhc.c:69:13:I2C1_WriteData	40	static
../Core/Src/ lsm303dlhc.c:80:6:Accel_IO_Write	16	static
../Core/Src/ lsm303dlhc.c:84:6:Accel_AccFilterConfig	24	static
../Core/Src/ lsm303dlhc.c:95:6:Accel_GetXYZ	40	static
../Core/Src/ lsm303dlhc.c:155:6:Accel_ReadAcc	24	static
