Archive member included to satisfy reference by file (symbol)

c:/st/stm32cubeide_1.12.0/stm32cubeide/plugins/com.st.stm32cube.ide.mcu.externaltools.gnu-tools-for-stm32.10.3-2021.10.win32_1.0.200.202301161003/tools/bin/../lib/gcc/arm-none-eabi/10.3.1/../../../../arm-none-eabi/lib/thumb/v7e-m+fp/hard\libc_nano.a(lib_a-errno.o)
                              ./Core/Src/syscalls.o (__errno)
c:/st/stm32cubeide_1.12.0/stm32cubeide/plugins/com.st.stm32cube.ide.mcu.externaltools.gnu-tools-for-stm32.10.3-2021.10.win32_1.0.200.202301161003/tools/bin/../lib/gcc/arm-none-eabi/10.3.1/../../../../arm-none-eabi/lib/thumb/v7e-m+fp/hard\libc_nano.a(lib_a-exit.o)
                              c:/st/stm32cubeide_1.12.0/stm32cubeide/plugins/com.st.stm32cube.ide.mcu.externaltools.gnu-tools-for-stm32.10.3-2021.10.win32_1.0.200.202301161003/tools/bin/../lib/gcc/arm-none-eabi/10.3.1/../../../../arm-none-eabi/lib/thumb/v7e-m+fp/hard/crt0.o (exit)
c:/st/stm32cubeide_1.12.0/stm32cubeide/plugins/com.st.stm32cube.ide.mcu.externaltools.gnu-tools-for-stm32.10.3-2021.10.win32_1.0.200.202301161003/tools/bin/../lib/gcc/arm-none-eabi/10.3.1/../../../../arm-none-eabi/lib/thumb/v7e-m+fp/hard\libc_nano.a(lib_a-impure.o)
                              c:/st/stm32cubeide_1.12.0/stm32cubeide/plugins/com.st.stm32cube.ide.mcu.externaltools.gnu-tools-for-stm32.10.3-2021.10.win32_1.0.200.202301161003/tools/bin/../lib/gcc/arm-none-eabi/10.3.1/../../../../arm-none-eabi/lib/thumb/v7e-m+fp/hard\libc_nano.a(lib_a-exit.o) (_global_impure_ptr)
c:/st/stm32cubeide_1.12.0/stm32cubeide/plugins/com.st.stm32cube.ide.mcu.externaltools.gnu-tools-for-stm32.10.3-2021.10.win32_1.0.200.202301161003/tools/bin/../lib/gcc/arm-none-eabi/10.3.1/../../../../arm-none-eabi/lib/thumb/v7e-m+fp/hard\libc_nano.a(lib_a-init.o)
                              c:/st/stm32cubeide_1.12.0/stm32cubeide/plugins/com.st.stm32cube.ide.mcu.externaltools.gnu-tools-for-stm32.10.3-2021.10.win32_1.0.200.202301161003/tools/bin/../lib/gcc/arm-none-eabi/10.3.1/../../../../arm-none-eabi/lib/thumb/v7e-m+fp/hard/crt0.o (__libc_init_array)
c:/st/stm32cubeide_1.12.0/stm32cubeide/plugins/com.st.stm32cube.ide.mcu.externaltools.gnu-tools-for-stm32.10.3-2021.10.win32_1.0.200.202301161003/tools/bin/../lib/gcc/arm-none-eabi/10.3.1/../../../../arm-none-eabi/lib/thumb/v7e-m+fp/hard\libc_nano.a(lib_a-memcpy-stub.o)
                              ./Core/Src/disp1color.o (memcpy)
c:/st/stm32cubeide_1.12.0/stm32cubeide/plugins/com.st.stm32cube.ide.mcu.externaltools.gnu-tools-for-stm32.10.3-2021.10.win32_1.0.200.202301161003/tools/bin/../lib/gcc/arm-none-eabi/10.3.1/../../../../arm-none-eabi/lib/thumb/v7e-m+fp/hard\libc_nano.a(lib_a-memset.o)
                              c:/st/stm32cubeide_1.12.0/stm32cubeide/plugins/com.st.stm32cube.ide.mcu.externaltools.gnu-tools-for-stm32.10.3-2021.10.win32_1.0.200.202301161003/tools/bin/../lib/gcc/arm-none-eabi/10.3.1/../../../../arm-none-eabi/lib/thumb/v7e-m+fp/hard/crt0.o (memset)
c:/st/stm32cubeide_1.12.0/stm32cubeide/plugins/com.st.stm32cube.ide.mcu.externaltools.gnu-tools-for-stm32.10.3-2021.10.win32_1.0.200.202301161003/tools/bin/../lib/gcc/arm-none-eabi/10.3.1/../../../../arm-none-eabi/lib/thumb/v7e-m+fp/hard\libc_nano.a(lib_a-printf.o)
                              ./Core/Src/disp1color.o (printf)
c:/st/stm32cubeide_1.12.0/stm32cubeide/plugins/com.st.stm32cube.ide.mcu.externaltools.gnu-tools-for-stm32.10.3-2021.10.win32_1.0.200.202301161003/tools/bin/../lib/gcc/arm-none-eabi/10.3.1/../../../../arm-none-eabi/lib/thumb/v7e-m+fp/hard\libc_nano.a(lib_a-vsnprintf.o)
                              ./Core/Src/disp1color.o (vsnprintf)
c:/st/stm32cubeide_1.12.0/stm32cubeide/plugins/com.st.stm32cube.ide.mcu.externaltools.gnu-tools-for-stm32.10.3-2021.10.win32_1.0.200.202301161003/tools/bin/../lib/gcc/arm-none-eabi/10.3.1/../../../../arm-none-eabi/lib/thumb/v7e-m+fp/hard\libc_nano.a(lib_a-findfp.o)
                              c:/st/stm32cubeide_1.12.0/stm32cubeide/plugins/com.st.stm32cube.ide.mcu.externaltools.gnu-tools-for-stm32.10.3-2021.10.win32_1.0.200.202301161003/tools/bin/../lib/gcc/arm-none-eabi/10.3.1/../../../../arm-none-eabi/lib/thumb/v7e-m+fp/hard\libc_nano.a(lib_a-printf.o) (__sinit)
c:/st/stm32cubeide_1.12.0/stm32cubeide/plugins/com.st.stm32cube.ide.mcu.externaltools.gnu-tools-for-stm32.10.3-2021.10.win32_1.0.200.202301161003/tools/bin/../lib/gcc/arm-none-eabi/10.3.1/../../../../arm-none-eabi/lib/thumb/v7e-m+fp/hard\libc_nano.a(lib_a-fwalk.o)
                              c:/st/stm32cubeide_1.12.0/stm32cubeide/plugins/com.st.stm32cube.ide.mcu.externaltools.gnu-tools-for-stm32.10.3-2021.10.win32_1.0.200.202301161003/tools/bin/../lib/gcc/arm-none-eabi/10.3.1/../../../../arm-none-eabi/lib/thumb/v7e-m+fp/hard\libc_nano.a(lib_a-findfp.o) (_fwalk)
[...]
Memory Configuration

Name             Origin             Length             Attributes
RAM              0x0000000020000000 0x0000000000020000 xrw
FLASH            0x0000000008000000 0x0000000000080000 xr
*default*        0x0000000000000000 0xffffffffffffffff

Linker script and memory map

LOAD c:/st/stm32cubeide_1.12.0/stm32cubeide/plugins/com.st.stm32cube.ide.mcu.externaltools.gnu-tools-for-stm32.10.3-2021.10.win32_1.0.200.202301161003/tools/bin/../lib/gcc/arm-none-eabi/10.3.1/thumb/v7e-m+fp/hard/crti.o
LOAD c:/st/stm32cubeide_1.12.0/stm32cubeide/plugins/com.st.stm32cube.ide.mcu.externaltools.gnu-tools-for-stm32.10.3-2021.10.win32_1.0.200.202301161003/tools/bin/../lib/gcc/arm-none-eabi/10.3.1/thumb/v7e-m+fp/hard/crtbegin.o
LOAD c:/st/stm32cubeide_1.12.0/stm32cubeide/plugins/com.st.stm32cube.ide.mcu.externaltools.gnu-tools-for-stm32.10.3-2021.10.win32_1.0.200.202301161003/tools/bin/../lib/gcc/arm-none-eabi/10.3.1/../../../../arm-none-eabi/lib/thumb/v7e-m+fp/hard/crt0.o
LOAD ./Core/Src/ lsm303dlhc.o
LOAD ./Core/Src/disp1color.o
LOAD ./Core/Src/f10x16f.o
LOAD ./Core/Src/f6x8m.o
LOAD ./Core/Src/font.o
LOAD ./Core/Src/gpio.o
LOAD ./Core/Src/i2c.o
LOAD ./Core/Src/main.o
LOAD ./Core/Src/mainLogic.o
LOAD ./Core/Src/spi.o
LOAD ./Core/Src/stm32f4xx_hal_msp.o
LOAD ./Core/Src/stm32f4xx_it.o
LOAD ./Core/Src/syscalls.o
LOAD ./Core/Src/sysmem.o
LOAD ./Core/Src/system_stm32f4xx.o
LOAD ./Core/Src/tim.o
LOAD ./Core/Src/usart.o
LOAD ./Core/Startup/startup_stm32f411vetx.o
LOAD ./Drivers/STM32F4xx_HAL_Driver/Src/stm32f4xx_hal.o
LOAD ./Drivers/STM32F4xx_HAL_Driver/Src/stm32f4xx_hal_cortex.o
LOAD ./Drivers/STM32F4xx_HAL_Driver/Src/stm32f4xx_hal_dma.o
LOAD ./Drivers/STM32F4xx_HAL_Driver/Src/stm32f4xx_hal_dma_ex.o
LOAD ./Drivers/STM32F4xx_HAL_Driver/Src/stm32f4xx_hal_exti.o
LOAD ./Drivers/STM32F4xx_HAL_Driver/Src/stm32f4xx_hal_flash.o
LOAD ./Drivers/STM32F4xx_HAL_Driver/Src/stm32f4xx_hal_flash_ex.o
LOAD ./Drivers/STM32F4xx_HAL_Driver/Src/stm32f4xx_hal_flash_ramfunc.o
LOAD ./Drivers/STM32F4xx_HAL_Driver/Src/stm32f4xx_hal_gpio.o
LOAD ./Drivers/STM32F4xx_HAL_Driver/Src/stm32f4xx_hal_i2c.o
LOAD ./Drivers/STM32F4xx_HAL_Driver/Src/stm32f4xx_hal_i2c_ex.o
LOAD ./Drivers/STM32F4xx_HAL_Driver/Src/stm32f4xx_hal_pwr.o
LOAD ./Drivers/STM32F4xx_HAL_Driver/Src/stm32f4xx_hal_pwr_ex.o
LOAD ./Drivers/STM32F4xx_HAL_Driver/Src/stm32f4xx_hal_rcc.o
LOAD ./Drivers/STM32F4xx_HAL_Driver/Src/stm32f4xx_hal_rcc_ex.o
LOAD ./Drivers/STM32F4xx_HAL_Driver/Src/stm32f4xx_hal_spi.o
LOAD ./Drivers/STM32F4xx_HAL_Driver/Src/stm32f4xx_hal_tim.o
LOAD ./Drivers/STM32F4xx_HAL_Driver/Src/stm32f4xx_hal_tim_ex.o
LOAD ./Drivers/STM32F4xx_HAL_Driver/Src/stm32f4xx_hal_uart.o
START GROUP
LOAD c:/st/stm32cubeide_1.12.0/stm32cubeide/plugins/com.st.stm32cube.ide.mcu.externaltools.gnu-tools-for-stm32.10.3-2021.10.win32_1.0.200.202301161003/tools/bin/../lib/gcc/arm-none-eabi/10.3.1/../../../../arm-none-eabi/lib/thumb/v7e-m+fp/hard\libc_nano.a
LOAD c:/st/stm32cubeide_1.12.0/stm32cubeide/plugins/com.st.stm32cube.ide.mcu.externaltools.gnu-tools-for-stm32.10.3-2021.10.win32_1.0.200.202301161003/tools/bin/../lib/gcc/arm-none-eabi/10.3.1/../../../../arm-none-eabi/lib/thumb/v7e-m+fp/hard\libm.a
END GROUP
START GROUP
LOAD c:/st/stm32cubeide_1.12.0/stm32cubeide/plugins/com.st.stm32cube.ide.mcu.externaltools.gnu-tools-for-stm32.10.3-2021.10.win32_1.0.200.202301161003/tools/bin/../lib/gcc/arm-none-eabi/10.3.1/thumb/v7e-m+fp/hard\libgcc.a
LOAD c:/st/stm32cubeide_1.12.0/stm32cubeide/plugins/com.st.stm32cube.ide.mcu.externaltools.gnu-tools-for-stm32.10.3-2021.10.win32_1.0.200.202301161003/tools/bin/../lib/gcc/arm-none-eabi/10.3.1/../../../../arm-none-eabi/lib/thumb/v7e-m+fp/hard\libc_nano.a
END GROUP
START GROUP
LOAD c:/st/stm32cubeide_1.12.0/stm32cubeide/plugins/com.st.stm32cube.ide.mcu.externaltools.gnu-tools-for-stm32.10.3-2021.10.win32_1.0.200.202301161003/tools/bin/../lib/gcc/arm-none-eabi/10.3.1/thumb/v7e-m+fp/hard\libgcc.a
LOAD c:/st/stm32cubeide_1.12.0/stm32cubeide/plugins/com.st.stm32cube.ide.mcu.externaltools.gnu-tools-for-stm32.10.3-2021.10.win32_1.0.200.202301161003/tools/bin/../lib/gcc/arm-none-eabi/10.3.1/../../../../arm-none-eabi/lib/thumb/v7e-m+fp/hard\libc_nano.a
LOAD c:/st/stm32cubeide_1.12.0/stm32cubeide/plugins/com.st.stm32cube.ide.mcu.externaltools.gnu-tools-for-stm32.10.3-2021.10.win32_1.0.200.202301161003/tools/bin/../lib/gcc/arm-none-eabi/10.3.1/../../../../arm-none-eabi/lib/thumb/v7e-m+fp/hard\libnosys.a
END GROUP
START GROUP
LOAD c:/st/stm32cubeide_1.12.0/stm32cubeide/plugins/com.st.stm32cube.ide.mcu.externaltools.gnu-tools-for-stm32.10.3-2021.10.win32_1.0.200.202301161003/tools/bin/../lib/gcc/arm-none-eabi/10.3.1/thumb/v7e-m+fp/hard\libgcc.a
LOAD c:/st/stm32cubeide_1.12.0/stm32cubeide/plugins/com.st.stm32cube.ide.mcu.externaltools.gnu-tools-for-stm32.10.3-2021.10.win32_1.0.200.202301161003/tools/bin/../lib/gcc/arm-none-eabi/10.3.1/../../../../arm-none-eabi/lib/thumb/v7e-m+fp/hard\libc_nano.a
LOAD c:/st/stm32cubeide_1.12.0/stm32cubeide/plugins/com.st.stm32cube.ide.mcu.externaltools.gnu-tools-for-stm32.10.3-2021.10.win32_1.0.200.202301161003/tools/bin/../lib/gcc/arm-none-eabi/10.3.1/../../../../arm-none-eabi/lib/thumb/v7e-m+fp/hard\libnosys.a
END GROUP
LOAD c:/st/stm32cubeide_1.12.0/stm32cubeide/plugins/com.st.stm32cube.ide.mcu.externaltools.gnu-tools-for-stm32.10.3-2021.10.win32_1.0.200.202301161003/tools/bin/../lib/gcc/arm-none-eabi/10.3.1/thumb/v7e-m+fp/hard/crtend.o
LOAD c:/st/stm32cubeide_1.12.0/stm32cubeide/plugins/com.st.stm32cube.ide.mcu.externaltools.gnu-tools-for-stm32.10.3-2021.10.win32_1.0.200.202301161003/tools/bin/../lib/gcc/arm-none-eabi/10.3.1/thumb/v7e-m+fp/hard/crtn.o
                0x0000000020020000                _estack = (ORIGIN (RAM) + LENGTH (RAM))
                0x0000000000000200                _Min_Heap_Size = 0x200
                0x0000000000000400                _Min_Stack_Size = 0x400

.isr_vector     0x0000000008000000      0x198
                0x0000000008000000                . = ALIGN (0x4)
 *(.isr_vector)
 .isr_vector    0x0000000008000000      0x198 ./Core/Startup/startup_stm32f411vetx.o
                0x0000000008000000                g_pfnVectors
                0x0000000008000198                . = ALIGN (0x4)

.text           0x0000000008000198     0x6b64
                0x0000000008000198                . = ALIGN (0x4)
 *(.text)
 .text          0x0000000008000198       0x40 c:/st/stm32cubeide_1.12.0/stm32cubeide/plugins/com.st.stm32cube.ide.mcu.externaltools.gnu-tools-for-stm32.10.3-2021.10.win32_1.0.200.202301161003/tools/bin/../lib/gcc/arm-none-eabi/10.3.1/thumb/v7e-m+fp/hard/crtbegin.o
 .text          0x00000000080001d8      0x378 c:/st/stm32cubeide_1.12.0/stm32cubeide/plugins/com.st.stm32cube.ide.mcu.externaltools.gnu-tools-for-stm32.10.3-2021.10.win32_1.0.200.202301161003/tools/bin/../lib/gcc/arm-none-eabi/10.3.1/thumb/v7e-m+fp/hard\libgcc.a(_arm_addsubdf3.o)
                0x00000000080001d8                __aeabi_drsub
                0x00000000080001e0                __aeabi_dsub
                0x00000000080001e0                __subdf3
                0x00000000080001e4                __aeabi_dadd
                0x00000000080001e4                __adddf3
                0x000000000800045c                __floatunsidf
                0x000000000800045c                __aeabi_ui2d
                0x000000000800047c                __floatsidf
                0x000000000800047c                __aeabi_i2d
                0x00000000080004a0                __aeabi_f2d
                0x00000000080004a0                __extendsfdf2
                0x00000000080004e4                __floatundidf
                0x00000000080004e4                __aeabi_ul2d
                0x00000000080004f4                __floatdidf
                0x00000000080004f4                __aeabi_l2d
 .text          0x0000000008000550      0x424 c:/st/stm32cubeide_1.12.0/stm32cubeide/plugins/com.st.stm32cube.ide.mcu.externaltools.gnu-tools-for-stm32.10.3-2021.10.win32_1.0.200.202301161003/tools/bin/../lib/gcc/arm-none-eabi/10.3.1/thumb/v7e-m+fp/hard\libgcc.a(_arm_muldivdf3.o)
                0x0000000008000550                __aeabi_dmul
                0x0000000008000550                __muldf3
                0x00000000080007a4                __divdf3
                0x00000000080007a4                __aeabi_ddiv
 .text          0x0000000008000974      0x110 c:/st/stm32cubeide_1.12.0/stm32cubeide/plugins/com.st.stm32cube.ide.mcu.externaltools.gnu-tools-for-stm32.10.3-2021.10.win32_1.0.200.202301161003/tools/bin/../lib/gcc/arm-none-eabi/10.3.1/thumb/v7e-m+fp/hard\libgcc.a(_arm_cmpdf2.o)
                0x0000000008000974                __gtdf2
                0x0000000008000974                __gedf2
                0x000000000800097c                __ltdf2
                0x000000000800097c                __ledf2
                0x0000000008000984                __nedf2
                0x0000000008000984                __eqdf2
                0x0000000008000984                __cmpdf2
                0x0000000008000a00                __aeabi_cdrcmple
                0x0000000008000a10                __aeabi_cdcmpeq
                0x0000000008000a10                __aeabi_cdcmple
                0x0000000008000a20                __aeabi_dcmpeq
                0x0000000008000a34                __aeabi_dcmplt
                0x0000000008000a48                __aeabi_dcmple
                0x0000000008000a5c                __aeabi_dcmpge
                0x0000000008000a70                __aeabi_dcmpgt
 .text          0x0000000008000a84       0x50 c:/st/stm32cubeide_1.12.0/stm32cubeide/plugins/com.st.stm32cube.ide.mcu.externaltools.gnu-tools-for-stm32.10.3-2021.10.win32_1.0.200.202301161003/tools/bin/../lib/gcc/arm-none-eabi/10.3.1/thumb/v7e-m+fp/hard\libgcc.a(_arm_fixdfsi.o)
                0x0000000008000a84                __aeabi_d2iz
                0x0000000008000a84                __fixdfsi
 .text          0x0000000008000ad4       0xa0 c:/st/stm32cubeide_1.12.0/stm32cubeide/plugins/com.st.stm32cube.ide.mcu.externaltools.gnu-tools-for-stm32.10.3-2021.10.win32_1.0.200.202301161003/tools/bin/../lib/gcc/arm-none-eabi/10.3.1/thumb/v7e-m+fp/hard\libgcc.a(_arm_truncdfsf2.o)
                0x0000000008000ad4                __truncdfsf2
                0x0000000008000ad4                __aeabi_d2f
 .text          0x0000000008000b74       0x30 c:/st/stm32cubeide_1.12.0/stm32cubeide/plugins/com.st.stm32cube.ide.mcu.externaltools.gnu-tools-for-stm32.10.3-2021.10.win32_1.0.200.202301161003/tools/bin/../lib/gcc/arm-none-eabi/10.3.1/thumb/v7e-m+fp/hard\libgcc.a(_aeabi_uldivmod.o)
                0x0000000008000b74                __aeabi_uldivmod
 .text          0x0000000008000ba4      0x2d0 c:/st/stm32cubeide_1.12.0/stm32cubeide/plugins/com.st.stm32cube.ide.mcu.externaltools.gnu-tools-for-stm32.10.3-2021.10.win32_1.0.200.202301161003/tools/bin/../lib/gcc/arm-none-eabi/10.3.1/thumb/v7e-m+fp/hard\libgcc.a(_udivmoddi4.o)
                0x0000000008000ba4                __udivmoddi4
 .text          0x0000000008000e74        0x4 c:/st/stm32cubeide_1.12.0/stm32cubeide/plugins/com.st.stm32cube.ide.mcu.externaltools.gnu-tools-for-stm32.10.3-2021.10.win32_1.0.200.202301161003/tools/bin/../lib/gcc/arm-none-eabi/10.3.1/thumb/v7e-m+fp/hard\libgcc.a(_dvmd_tls.o)
                0x0000000008000e74                __aeabi_idiv0
                0x0000000008000e74                __aeabi_ldiv0
 *(.text*)
 .text.Error    0x0000000008000e78       0x18 ./Core/Src/ lsm303dlhc.o
 .text.Accel_Ini
                0x0000000008000e90       0x74 ./Core/Src/ lsm303dlhc.o
                0x0000000008000e90                Accel_Ini
 .text.AccInit  0x0000000008000f04       0x36 ./Core/Src/ lsm303dlhc.o
                0x0000000008000f04                AccInit
 *fill*         0x0000000008000f3a        0x2 
 .text.I2C1_ReadData
                0x0000000008000f3c       0x54 ./Core/Src/ lsm303dlhc.o
 .text.Accel_IO_Read
                0x0000000008000f90       0x26 ./Core/Src/ lsm303dlhc.o
                0x0000000008000f90                Accel_IO_Read
 .text.Accel_ReadID
                0x0000000008000fb6       0x20 ./Core/Src/ lsm303dlhc.o
                0x0000000008000fb6                Accel_ReadID
 *fill*         0x0000000008000fd6        0x2 
 .text.I2C1_WriteData
                0x0000000008000fd8       0x4c ./Core/Src/ lsm303dlhc.o
 .text.Accel_IO_Write
                0x0000000008001024       0x26 ./Core/Src/ lsm303dlhc.o
                0x0000000008001024                Accel_IO_Write
 .text.Accel_AccFilterConfig
                0x000000000800104a       0x3a ./Core/Src/ lsm303dlhc.o
                0x000000000800104a                Accel_AccFilterConfig
 .text.Accel_GetXYZ
                0x0000000008001084      0x190 ./Core/Src/ lsm303dlhc.o
                0x0000000008001084                Accel_GetXYZ
 .text.Accel_ReadAcc
                0x0000000008001214       0x50 ./Core/Src/ lsm303dlhc.o
                0x0000000008001214                Accel_ReadAcc
 .text.disp1color_FillScreenbuff
                0x0000000008001264       0x24 ./Core/Src/disp1color.o
                0x0000000008001264                disp1color_FillScreenbuff
 .text.disp1color_UpdateFromBuff
                0x0000000008001288       0x14 ./Core/Src/disp1color.o
                0x0000000008001288                disp1color_UpdateFromBuff
 .text.disp1color_DrawPixel
                0x000000000800129c       0xbc ./Core/Src/disp1color.o
                0x000000000800129c                disp1color_DrawPixel
 .text.disp1color_DrawLine
                0x0000000008001358      0x106 ./Core/Src/disp1color.o
                0x0000000008001358                disp1color_DrawLine
 .text.disp1color_DrawCircle
                0x000000000800145e      0x132 ./Core/Src/disp1color.o
                0x000000000800145e                disp1color_DrawCircle
 .text.DMD_1COLOR_DisplayFullUpdate
                0x0000000008001590       0x44 ./Core/Src/disp1color.o
                0x0000000008001590                DMD_1COLOR_DisplayFullUpdate
 .text.DMD_1COLOR_UpdateRow4
                0x00000000080015d4       0xd8 ./Core/Src/disp1color.o
                0x00000000080015d4                DMD_1COLOR_UpdateRow4
 .text.DMD_1COLOR_SendFromMatrixBuff
                0x00000000080016ac       0xa8 ./Core/Src/disp1color.o
                0x00000000080016ac                DMD_1COLOR_SendFromMatrixBuff
 .text.DMD_1COLOR_GetFrom8ScreenBytes
                0x0000000008001754       0x52 ./Core/Src/disp1color.o
                0x0000000008001754                DMD_1COLOR_GetFrom8ScreenBytes
 *fill*         0x00000000080017a6        0x2 
 .text.prepare_data
                0x00000000080017a8       0xbc ./Core/Src/disp1color.o
                0x00000000080017a8                prepare_data
 .text.MX_GPIO_Init
                0x0000000008001864      0x124 ./Core/Src/gpio.o
                0x0000000008001864                MX_GPIO_Init
 .text.MX_I2C1_Init
                0x0000000008001988       0x5c ./Core/Src/i2c.o
                0x0000000008001988                MX_I2C1_Init
 .text.HAL_I2C_MspInit
                0x00000000080019e4       0x90 ./Core/Src/i2c.o
                0x00000000080019e4                HAL_I2C_MspInit
 .text.disp_row
                0x0000000008001a74      0x148 ./Core/Src/main.o
                0x0000000008001a74                disp_row
 .text.expRunningAverage
                0x0000000008001bbc       0x50 ./Core/Src/main.o
                0x0000000008001bbc                expRunningAverage
 .text.main     0x0000000008001c0c      0x1fc ./Core/Src/main.o
                0x0000000008001c0c                main
 .text.SystemClock_Config
                0x0000000008001e08       0xd0 ./Core/Src/main.o
                0x0000000008001e08                SystemClock_Config
 .text.Error_Handler
                0x0000000008001ed8        0xa ./Core/Src/main.o
                0x0000000008001ed8                Error_Handler
 *fill*         0x0000000008001ee2        0x2 
 .text.AccConstrain
                0x0000000008001ee4       0x70 ./Core/Src/mainLogic.o
                0x0000000008001ee4                AccConstrain
 .text.weightCoordinatesCalc
                0x0000000008001f54       0x6c ./Core/Src/mainLogic.o
                0x0000000008001f54                weightCoordinatesCalc
 .text.MX_SPI1_Init
                0x0000000008001fc0       0x6c ./Core/Src/spi.o
                0x0000000008001fc0                MX_SPI1_Init
 .text.HAL_SPI_MspInit
                0x000000000800202c       0x90 ./Core/Src/spi.o
                0x000000000800202c                HAL_SPI_MspInit
 .text.HAL_MspInit
                0x00000000080020bc       0x50 ./Core/Src/stm32f4xx_hal_msp.o
                0x00000000080020bc                HAL_MspInit
 .text.NMI_Handler
                0x000000000800210c        0x6 ./Core/Src/stm32f4xx_it.o
                0x000000000800210c                NMI_Handler
 .text.HardFault_Handler
                0x0000000008002112        0x6 ./Core/Src/stm32f4xx_it.o
                0x0000000008002112                HardFault_Handler
 .text.MemManage_Handler
                0x0000000008002118        0x6 ./Core/Src/stm32f4xx_it.o
                0x0000000008002118                MemManage_Handler
 .text.BusFault_Handler
                0x000000000800211e        0x6 ./Core/Src/stm32f4xx_it.o
                0x000000000800211e                BusFault_Handler
 .text.UsageFault_Handler
                0x0000000008002124        0x6 ./Core/Src/stm32f4xx_it.o
                0x0000000008002124                UsageFault_Handler
 .text.SVC_Handler
                0x000000000800212a        0xe ./Core/Src/stm32f4xx_it.o
                0x000000000800212a                SVC_Handler
 .text.DebugMon_Handler
                0x0000000008002138        0xe ./Core/Src/stm32f4xx_it.o
                0x0000000008002138                DebugMon_Handler
 .text.PendSV_Handler
                0x0000000008002146        0xe ./Core/Src/stm32f4xx_it.o
                0x0000000008002146                PendSV_Handler
 .text.SysTick_Handler
                0x0000000008002154        0xc ./Core/Src/stm32f4xx_it.o
                0x0000000008002154                SysTick_Handler
 .text.TIM1_UP_TIM10_IRQHandler
                0x0000000008002160       0x14 ./Core/Src/stm32f4xx_it.o
                0x0000000008002160                TIM1_UP_TIM10_IRQHandler
 .text.SystemInit
                0x0000000008002174       0x24 ./Core/Src/system_stm32f4xx.o
                0x0000000008002174                SystemInit
 .text.MX_TIM1_Init
                0x0000000008002198      0x100 ./Core/Src/tim.o
                0x0000000008002198                MX_TIM1_Init
 .text.HAL_TIM_OC_MspInit
                0x0000000008002298       0x50 ./Core/Src/tim.o
                0x0000000008002298                HAL_TIM_OC_MspInit
 .text.MX_USART1_UART_Init
                0x00000000080022e8       0x54 ./Core/Src/usart.o
                0x00000000080022e8                MX_USART1_UART_Init
 .text.HAL_UART_MspInit
                0x000000000800233c       0x90 ./Core/Src/usart.o
                0x000000000800233c                HAL_UART_MspInit
 .text.Reset_Handler
                0x00000000080023cc       0x50 ./Core/Startup/startup_stm32f411vetx.o
                0x00000000080023cc                Reset_Handler
 .text.Default_Handler
                0x000000000800241c        0x2 ./Core/Startup/startup_stm32f411vetx.o
                0x000000000800241c                RTC_Alarm_IRQHandler
                0x000000000800241c                EXTI2_IRQHandler
                0x000000000800241c                SPI4_IRQHandler
                0x000000000800241c                TIM1_CC_IRQHandler
                0x000000000800241c                DMA2_Stream5_IRQHandler
                0x000000000800241c                DMA1_Stream5_IRQHandler
                0x000000000800241c                PVD_IRQHandler
                0x000000000800241c                SDIO_IRQHandler
                0x000000000800241c                TAMP_STAMP_IRQHandler
                0x000000000800241c                EXTI3_IRQHandler
                0x000000000800241c                I2C3_ER_IRQHandler
                0x000000000800241c                EXTI0_IRQHandler
                0x000000000800241c                I2C2_EV_IRQHandler
                0x000000000800241c                DMA1_Stream2_IRQHandler
                0x000000000800241c                FPU_IRQHandler
                0x000000000800241c                DMA2_Stream2_IRQHandler
                0x000000000800241c                SPI1_IRQHandler
                0x000000000800241c                TIM1_BRK_TIM9_IRQHandler
                0x000000000800241c                DMA2_Stream3_IRQHandler
                0x000000000800241c                USART6_IRQHandler
                0x000000000800241c                DMA2_Stream0_IRQHandler
                0x000000000800241c                TIM4_IRQHandler
                0x000000000800241c                I2C1_EV_IRQHandler
                0x000000000800241c                DMA1_Stream6_IRQHandler
                0x000000000800241c                DMA1_Stream1_IRQHandler
                0x000000000800241c                TIM3_IRQHandler
                0x000000000800241c                RCC_IRQHandler
                0x000000000800241c                Default_Handler
                0x000000000800241c                EXTI15_10_IRQHandler
                0x000000000800241c                ADC_IRQHandler
                0x000000000800241c                DMA1_Stream7_IRQHandler
                0x000000000800241c                SPI5_IRQHandler
                0x000000000800241c                TIM5_IRQHandler
                0x000000000800241c                DMA2_Stream7_IRQHandler
                0x000000000800241c                I2C3_EV_IRQHandler
                0x000000000800241c                EXTI9_5_IRQHandler
                0x000000000800241c                RTC_WKUP_IRQHandler
                0x000000000800241c                SPI2_IRQHandler
                0x000000000800241c                DMA1_Stream0_IRQHandler
                0x000000000800241c                EXTI4_IRQHandler
                0x000000000800241c                WWDG_IRQHandler
                0x000000000800241c                TIM2_IRQHandler
                0x000000000800241c                OTG_FS_WKUP_IRQHandler
                0x000000000800241c                TIM1_TRG_COM_TIM11_IRQHandler
                0x000000000800241c                EXTI1_IRQHandler
                0x000000000800241c                USART2_IRQHandler
                0x000000000800241c                I2C2_ER_IRQHandler
                0x000000000800241c                DMA2_Stream1_IRQHandler
                0x000000000800241c                FLASH_IRQHandler
                0x000000000800241c                DMA2_Stream4_IRQHandler
                0x000000000800241c                USART1_IRQHandler
                0x000000000800241c                OTG_FS_IRQHandler
                0x000000000800241c                SPI3_IRQHandler
                0x000000000800241c                DMA1_Stream4_IRQHandler
                0x000000000800241c                I2C1_ER_IRQHandler
                0x000000000800241c                DMA2_Stream6_IRQHandler
                0x000000000800241c                DMA1_Stream3_IRQHandler
 *fill*         0x000000000800241e        0x2 
 .text.HAL_Init
                0x0000000008002420       0x44 ./Drivers/STM32F4xx_HAL_Driver/Src/stm32f4xx_hal.o
                0x0000000008002420                HAL_Init
 .text.HAL_InitTick
                0x0000000008002464       0x60 ./Drivers/STM32F4xx_HAL_Driver/Src/stm32f4xx_hal.o
                0x0000000008002464                HAL_InitTick
 .text.HAL_IncTick
                0x00000000080024c4       0x28 ./Drivers/STM32F4xx_HAL_Driver/Src/stm32f4xx_hal.o
                0x00000000080024c4                HAL_IncTick
 .text.HAL_GetTick
                0x00000000080024ec       0x18 ./Drivers/STM32F4xx_HAL_Driver/Src/stm32f4xx_hal.o
                0x00000000080024ec                HAL_GetTick
 .text.HAL_Delay
                0x0000000008002504       0x48 ./Drivers/STM32F4xx_HAL_Driver/Src/stm32f4xx_hal.o
                0x0000000008002504                HAL_Delay
 .text.__NVIC_SetPriorityGrouping
                0x000000000800254c       0x48 ./Drivers/STM32F4xx_HAL_Driver/Src/stm32f4xx_hal_cortex.o
 .text.__NVIC_GetPriorityGrouping
                0x0000000008002594       0x1c ./Drivers/STM32F4xx_HAL_Driver/Src/stm32f4xx_hal_cortex.o
 .text.__NVIC_EnableIRQ
                0x00000000080025b0       0x3c ./Drivers/STM32F4xx_HAL_Driver/Src/stm32f4xx_hal_cortex.o
 .text.__NVIC_SetPriority
                0x00000000080025ec       0x54 ./Drivers/STM32F4xx_HAL_Driver/Src/stm32f4xx_hal_cortex.o
 .text.NVIC_EncodePriority
                0x0000000008002640       0x66 ./Drivers/STM32F4xx_HAL_Driver/Src/stm32f4xx_hal_cortex.o
 *fill*         0x00000000080026a6        0x2 
 .text.SysTick_Config
                0x00000000080026a8       0x44 ./Drivers/STM32F4xx_HAL_Driver/Src/stm32f4xx_hal_cortex.o
 .text.HAL_NVIC_SetPriorityGrouping
                0x00000000080026ec       0x16 ./Drivers/STM32F4xx_HAL_Driver/Src/stm32f4xx_hal_cortex.o
                0x00000000080026ec                HAL_NVIC_SetPriorityGrouping
 .text.HAL_NVIC_SetPriority
                0x0000000008002702       0x38 ./Drivers/STM32F4xx_HAL_Driver/Src/stm32f4xx_hal_cortex.o
                0x0000000008002702                HAL_NVIC_SetPriority
 .text.HAL_NVIC_EnableIRQ
                0x000000000800273a       0x1c ./Drivers/STM32F4xx_HAL_Driver/Src/stm32f4xx_hal_cortex.o
                0x000000000800273a                HAL_NVIC_EnableIRQ
 .text.HAL_SYSTICK_Config
                0x0000000008002756       0x18 ./Drivers/STM32F4xx_HAL_Driver/Src/stm32f4xx_hal_cortex.o
                0x0000000008002756                HAL_SYSTICK_Config
 *fill*         0x000000000800276e        0x2 
 .text.HAL_GPIO_Init
                0x0000000008002770      0x308 ./Drivers/STM32F4xx_HAL_Driver/Src/stm32f4xx_hal_gpio.o
                0x0000000008002770                HAL_GPIO_Init
 .text.HAL_GPIO_WritePin
                0x0000000008002a78       0x32 ./Drivers/STM32F4xx_HAL_Driver/Src/stm32f4xx_hal_gpio.o
                0x0000000008002a78                HAL_GPIO_WritePin
 *fill*         0x0000000008002aaa        0x2 
 .text.HAL_I2C_Init
                0x0000000008002aac      0x288 ./Drivers/STM32F4xx_HAL_Driver/Src/stm32f4xx_hal_i2c.o
                0x0000000008002aac                HAL_I2C_Init
 .text.HAL_I2C_Mem_Write
                0x0000000008002d34      0x1f4 ./Drivers/STM32F4xx_HAL_Driver/Src/stm32f4xx_hal_i2c.o
                0x0000000008002d34                HAL_I2C_Mem_Write
 .text.HAL_I2C_Mem_Read
                0x0000000008002f28      0x44c ./Drivers/STM32F4xx_HAL_Driver/Src/stm32f4xx_hal_i2c.o
                0x0000000008002f28                HAL_I2C_Mem_Read
 .text.I2C_RequestMemoryWrite
                0x0000000008003374      0x12c ./Drivers/STM32F4xx_HAL_Driver/Src/stm32f4xx_hal_i2c.o
 .text.I2C_RequestMemoryRead
                0x00000000080034a0      0x1d0 ./Drivers/STM32F4xx_HAL_Driver/Src/stm32f4xx_hal_i2c.o
 .text.I2C_WaitOnFlagUntilTimeout
                0x0000000008003670       0xae ./Drivers/STM32F4xx_HAL_Driver/Src/stm32f4xx_hal_i2c.o
 .text.I2C_WaitOnMasterAddressFlagUntilTimeout
                0x000000000800371e       0xfe ./Drivers/STM32F4xx_HAL_Driver/Src/stm32f4xx_hal_i2c.o
 .text.I2C_WaitOnTXEFlagUntilTimeout
                0x000000000800381c       0x82 ./Drivers/STM32F4xx_HAL_Driver/Src/stm32f4xx_hal_i2c.o
 .text.I2C_WaitOnBTFFlagUntilTimeout
                0x000000000800389e       0x82 ./Drivers/STM32F4xx_HAL_Driver/Src/stm32f4xx_hal_i2c.o
 .text.I2C_WaitOnRXNEFlagUntilTimeout
                0x0000000008003920       0xac ./Drivers/STM32F4xx_HAL_Driver/Src/stm32f4xx_hal_i2c.o
 .text.I2C_IsAcknowledgeFailed
                0x00000000080039cc       0x5e ./Drivers/STM32F4xx_HAL_Driver/Src/stm32f4xx_hal_i2c.o
 *fill*         0x0000000008003a2a        0x2 
 .text.HAL_RCC_OscConfig
                0x0000000008003a2c      0x4f0 ./Drivers/STM32F4xx_HAL_Driver/Src/stm32f4xx_hal_rcc.o
                0x0000000008003a2c                HAL_RCC_OscConfig
 .text.HAL_RCC_ClockConfig
                0x0000000008003f1c      0x1cc ./Drivers/STM32F4xx_HAL_Driver/Src/stm32f4xx_hal_rcc.o
                0x0000000008003f1c                HAL_RCC_ClockConfig
 .text.HAL_RCC_GetSysClockFreq
                0x00000000080040e8      0x18c ./Drivers/STM32F4xx_HAL_Driver/Src/stm32f4xx_hal_rcc.o
                0x00000000080040e8                HAL_RCC_GetSysClockFreq
 .text.HAL_RCC_GetHCLKFreq
                0x0000000008004274       0x18 ./Drivers/STM32F4xx_HAL_Driver/Src/stm32f4xx_hal_rcc.o
                0x0000000008004274                HAL_RCC_GetHCLKFreq
 .text.HAL_RCC_GetPCLK1Freq
                0x000000000800428c       0x28 ./Drivers/STM32F4xx_HAL_Driver/Src/stm32f4xx_hal_rcc.o
                0x000000000800428c                HAL_RCC_GetPCLK1Freq
 .text.HAL_RCC_GetPCLK2Freq
                0x00000000080042b4       0x28 ./Drivers/STM32F4xx_HAL_Driver/Src/stm32f4xx_hal_rcc.o
                0x00000000080042b4                HAL_RCC_GetPCLK2Freq
 .text.HAL_SPI_Init
                0x00000000080042dc      0x112 ./Drivers/STM32F4xx_HAL_Driver/Src/stm32f4xx_hal_spi.o
                0x00000000080042dc                HAL_SPI_Init
 .text.HAL_SPI_Transmit
                0x00000000080043ee      0x278 ./Drivers/STM32F4xx_HAL_Driver/Src/stm32f4xx_hal_spi.o
                0x00000000080043ee                HAL_SPI_Transmit
 .text.HAL_SPI_GetState
                0x0000000008004666       0x1c ./Drivers/STM32F4xx_HAL_Driver/Src/stm32f4xx_hal_spi.o
                0x0000000008004666                HAL_SPI_GetState
 *fill*         0x0000000008004682        0x2 
 .text.SPI_WaitFlagStateUntilTimeout
                0x0000000008004684      0x110 ./Drivers/STM32F4xx_HAL_Driver/Src/stm32f4xx_hal_spi.o
 .text.SPI_EndRxTxTransaction
                0x0000000008004794       0x84 ./Drivers/STM32F4xx_HAL_Driver/Src/stm32f4xx_hal_spi.o
 .text.HAL_TIM_Base_Start_IT
                0x0000000008004818       0xc4 ./Drivers/STM32F4xx_HAL_Driver/Src/stm32f4xx_hal_tim.o
                0x0000000008004818                HAL_TIM_Base_Start_IT
 .text.HAL_TIM_OC_Init
                0x00000000080048dc       0x9e ./Drivers/STM32F4xx_HAL_Driver/Src/stm32f4xx_hal_tim.o
                0x00000000080048dc                HAL_TIM_OC_Init
 .text.HAL_TIM_IRQHandler
                0x000000000800497a      0x210 ./Drivers/STM32F4xx_HAL_Driver/Src/stm32f4xx_hal_tim.o
                0x000000000800497a                HAL_TIM_IRQHandler
 *fill*         0x0000000008004b8a        0x2 
 .text.HAL_TIM_OC_ConfigChannel
                0x0000000008004b8c       0xb8 ./Drivers/STM32F4xx_HAL_Driver/Src/stm32f4xx_hal_tim.o
                0x0000000008004b8c                HAL_TIM_OC_ConfigChannel
 .text.HAL_TIM_PeriodElapsedCallback
                0x0000000008004c44       0x14 ./Drivers/STM32F4xx_HAL_Driver/Src/stm32f4xx_hal_tim.o
                0x0000000008004c44                HAL_TIM_PeriodElapsedCallback
 .text.HAL_TIM_OC_DelayElapsedCallback
                0x0000000008004c58       0x14 ./Drivers/STM32F4xx_HAL_Driver/Src/stm32f4xx_hal_tim.o
                0x0000000008004c58                HAL_TIM_OC_DelayElapsedCallback
 .text.HAL_TIM_IC_CaptureCallback
                0x0000000008004c6c       0x14 ./Drivers/STM32F4xx_HAL_Driver/Src/stm32f4xx_hal_tim.o
                0x0000000008004c6c                HAL_TIM_IC_CaptureCallback
 .text.HAL_TIM_PWM_PulseFinishedCallback
                0x0000000008004c80       0x14 ./Drivers/STM32F4xx_HAL_Driver/Src/stm32f4xx_hal_tim.o
                0x0000000008004c80                HAL_TIM_PWM_PulseFinishedCallback
 .text.HAL_TIM_TriggerCallback
                0x0000000008004c94       0x14 ./Drivers/STM32F4xx_HAL_Driver/Src/stm32f4xx_hal_tim.o
                0x0000000008004c94                HAL_TIM_TriggerCallback
 .text.TIM_Base_SetConfig
                0x0000000008004ca8      0x100 ./Drivers/STM32F4xx_HAL_Driver/Src/stm32f4xx_hal_tim.o
                0x0000000008004ca8                TIM_Base_SetConfig
 .text.TIM_OC1_SetConfig
                0x0000000008004da8       0xcc ./Drivers/STM32F4xx_HAL_Driver/Src/stm32f4xx_hal_tim.o
 .text.TIM_OC2_SetConfig
                0x0000000008004e74       0xd8 ./Drivers/STM32F4xx_HAL_Driver/Src/stm32f4xx_hal_tim.o
                0x0000000008004e74                TIM_OC2_SetConfig
 .text.TIM_OC3_SetConfig
                0x0000000008004f4c       0xd4 ./Drivers/STM32F4xx_HAL_Driver/Src/stm32f4xx_hal_tim.o
 .text.TIM_OC4_SetConfig
                0x0000000008005020       0xa0 ./Drivers/STM32F4xx_HAL_Driver/Src/stm32f4xx_hal_tim.o
 .text.HAL_TIMEx_MasterConfigSynchronization
                0x00000000080050c0       0xdc ./Drivers/STM32F4xx_HAL_Driver/Src/stm32f4xx_hal_tim_ex.o
                0x00000000080050c0                HAL_TIMEx_MasterConfigSynchronization
 .text.HAL_TIMEx_ConfigBreakDeadTime
                0x000000000800519c       0xa4 ./Drivers/STM32F4xx_HAL_Driver/Src/stm32f4xx_hal_tim_ex.o
                0x000000000800519c                HAL_TIMEx_ConfigBreakDeadTime
 .text.HAL_TIMEx_CommutCallback
                0x0000000008005240       0x14 ./Drivers/STM32F4xx_HAL_Driver/Src/stm32f4xx_hal_tim_ex.o
                0x0000000008005240                HAL_TIMEx_CommutCallback
 .text.HAL_TIMEx_BreakCallback
                0x0000000008005254       0x14 ./Drivers/STM32F4xx_HAL_Driver/Src/stm32f4xx_hal_tim_ex.o
                0x0000000008005254                HAL_TIMEx_BreakCallback
 .text.HAL_UART_Init
                0x0000000008005268       0x9a ./Drivers/STM32F4xx_HAL_Driver/Src/stm32f4xx_hal_uart.o
                0x0000000008005268                HAL_UART_Init
 *fill*         0x0000000008005302        0x2 
 .text.UART_SetConfig
                0x0000000008005304      0x4e8 ./Drivers/STM32F4xx_HAL_Driver/Src/stm32f4xx_hal_uart.o
 .text.__libc_init_array
                0x00000000080057ec       0x48 c:/st/stm32cubeide_1.12.0/stm32cubeide/plugins/com.st.stm32cube.ide.mcu.externaltools.gnu-tools-for-stm32.10.3-2021.10.win32_1.0.200.202301161003/tools/bin/../lib/gcc/arm-none-eabi/10.3.1/../../../../arm-none-eabi/lib/thumb/v7e-m+fp/hard\libc_nano.a(lib_a-init.o)
                0x00000000080057ec                __libc_init_array
 .text.memcpy   0x0000000008005834       0x1c c:/st/stm32cubeide_1.12.0/stm32cubeide/plugins/com.st.stm32cube.ide.mcu.externaltools.gnu-tools-for-stm32.10.3-2021.10.win32_1.0.200.202301161003/tools/bin/../lib/gcc/arm-none-eabi/10.3.1/../../../../arm-none-eabi/lib/thumb/v7e-m+fp/hard\libc_nano.a(lib_a-memcpy-stub.o)
                0x0000000008005834                memcpy
 .text.memset   0x0000000008005850       0x10 c:/st/stm32cubeide_1.12.0/stm32cubeide/plugins/com.st.stm32cube.ide.mcu.externaltools.gnu-tools-for-stm32.10.3-2021.10.win32_1.0.200.202301161003/tools/bin/../lib/gcc/arm-none-eabi/10.3.1/../../../../arm-none-eabi/lib/thumb/v7e-m+fp/hard\libc_nano.a(lib_a-memset.o)
                0x0000000008005850                memset
 .text.atan     0x0000000008005860      0x340 c:/st/stm32cubeide_1.12.0/stm32cubeide/plugins/com.st.stm32cube.ide.mcu.externaltools.gnu-tools-for-stm32.10.3-2021.10.win32_1.0.200.202301161003/tools/bin/../lib/gcc/arm-none-eabi/10.3.1/../../../../arm-none-eabi/lib/thumb/v7e-m+fp/hard\libm.a(lib_a-s_atan.o)
                0x0000000008005860                atan
 .text.cos      0x0000000008005ba0       0xa8 c:/st/stm32cubeide_1.12.0/stm32cubeide/plugins/com.st.stm32cube.ide.mcu.externaltools.gnu-tools-for-stm32.10.3-2021.10.win32_1.0.200.202301161003/tools/bin/../lib/gcc/arm-none-eabi/10.3.1/../../../../arm-none-eabi/lib/thumb/v7e-m+fp/hard\libm.a(lib_a-s_cos.o)
                0x0000000008005ba0                cos
 .text.fabs     0x0000000008005c48       0x12 c:/st/stm32cubeide_1.12.0/stm32cubeide/plugins/com.st.stm32cube.ide.mcu.externaltools.gnu-tools-for-stm32.10.3-2021.10.win32_1.0.200.202301161003/tools/bin/../lib/gcc/arm-none-eabi/10.3.1/../../../../arm-none-eabi/lib/thumb/v7e-m+fp/hard\libm.a(lib_a-s_fabs.o)
                0x0000000008005c48                fabs
 *fill*         0x0000000008005c5a        0x6 
 .text.sin      0x0000000008005c60       0xb0 c:/st/stm32cubeide_1.12.0/stm32cubeide/plugins/com.st.stm32cube.ide.mcu.externaltools.gnu-tools-for-stm32.10.3-2021.10.win32_1.0.200.202301161003/tools/bin/../lib/gcc/arm-none-eabi/10.3.1/../../../../arm-none-eabi/lib/thumb/v7e-m+fp/hard\libm.a(lib_a-s_sin.o)
                0x0000000008005c60                sin
 .text.__ieee754_rem_pio2
                0x0000000008005d10      0x418 c:/st/stm32cubeide_1.12.0/stm32cubeide/plugins/com.st.stm32cube.ide.mcu.externaltools.gnu-tools-for-stm32.10.3-2021.10.win32_1.0.200.202301161003/tools/bin/../lib/gcc/arm-none-eabi/10.3.1/../../../../arm-none-eabi/lib/thumb/v7e-m+fp/hard\libm.a(lib_a-e_rem_pio2.o)
                0x0000000008005d10                __ieee754_rem_pio2
 .text.__kernel_cos
                0x0000000008006128      0x18c c:/st/stm32cubeide_1.12.0/stm32cubeide/plugins/com.st.stm32cube.ide.mcu.externaltools.gnu-tools-for-stm32.10.3-2021.10.win32_1.0.200.202301161003/tools/bin/../lib/gcc/arm-none-eabi/10.3.1/../../../../arm-none-eabi/lib/thumb/v7e-m+fp/hard\libm.a(lib_a-k_cos.o)
                0x0000000008006128                __kernel_cos
 *fill*         0x00000000080062b4        0x4 
 .text.__kernel_rem_pio2
                0x00000000080062b8      0x69c c:/st/stm32cubeide_1.12.0/stm32cubeide/plugins/com.st.stm32cube.ide.mcu.externaltools.gnu-tools-for-stm32.10.3-2021.10.win32_1.0.200.202301161003/tools/bin/../lib/gcc/arm-none-eabi/10.3.1/../../../../arm-none-eabi/lib/thumb/v7e-m+fp/hard\libm.a(lib_a-k_rem_pio2.o)
                0x00000000080062b8                __kernel_rem_pio2
 *fill*         0x0000000008006954        0x4 
 .text.__kernel_sin
                0x0000000008006958      0x17c c:/st/stm32cubeide_1.12.0/stm32cubeide/plugins/com.st.stm32cube.ide.mcu.externaltools.gnu-tools-for-stm32.10.3-2021.10.win32_1.0.200.202301161003/tools/bin/../lib/gcc/arm-none-eabi/10.3.1/../../../../arm-none-eabi/lib/thumb/v7e-m+fp/hard\libm.a(lib_a-k_sin.o)
                0x0000000008006958                __kernel_sin
 *fill*         0x0000000008006ad4        0x4 
 .text.floor    0x0000000008006ad8      0x100 c:/st/stm32cubeide_1.12.0/stm32cubeide/plugins/com.st.stm32cube.ide.mcu.externaltools.gnu-tools-for-stm32.10.3-2021.10.win32_1.0.200.202301161003/tools/bin/../lib/gcc/arm-none-eabi/10.3.1/../../../../arm-none-eabi/lib/thumb/v7e-m+fp/hard\libm.a(lib_a-s_floor.o)
                0x0000000008006ad8                floor
 .text.scalbn   0x0000000008006bd8      0x10c c:/st/stm32cubeide_1.12.0/stm32cubeide/plugins/com.st.stm32cube.ide.mcu.externaltools.gnu-tools-for-stm32.10.3-2021.10.win32_1.0.200.202301161003/tools/bin/../lib/gcc/arm-none-eabi/10.3.1/../../../../arm-none-eabi/lib/thumb/v7e-m+fp/hard\libm.a(lib_a-s_scalbn.o)
                0x0000000008006bd8                scalbn
 *(.glue_7)
 .glue_7        0x0000000008006ce4        0x0 linker stubs
 *(.glue_7t)
 .glue_7t       0x0000000008006ce4        0x0 linker stubs
 *(.eh_frame)
 .eh_frame      0x0000000008006ce4        0x0 c:/st/stm32cubeide_1.12.0/stm32cubeide/plugins/com.st.stm32cube.ide.mcu.externaltools.gnu-tools-for-stm32.10.3-2021.10.win32_1.0.200.202301161003/tools/bin/../lib/gcc/arm-none-eabi/10.3.1/thumb/v7e-m+fp/hard/crtbegin.o
 *(.init)
 .init          0x0000000008006ce4        0x4 c:/st/stm32cubeide_1.12.0/stm32cubeide/plugins/com.st.stm32cube.ide.mcu.externaltools.gnu-tools-for-stm32.10.3-2021.10.win32_1.0.200.202301161003/tools/bin/../lib/gcc/arm-none-eabi/10.3.1/thumb/v7e-m+fp/hard/crti.o
                0x0000000008006ce4                _init
 .init          0x0000000008006ce8        0x8 c:/st/stm32cubeide_1.12.0/stm32cubeide/plugins/com.st.stm32cube.ide.mcu.externaltools.gnu-tools-for-stm32.10.3-2021.10.win32_1.0.200.202301161003/tools/bin/../lib/gcc/arm-none-eabi/10.3.1/thumb/v7e-m+fp/hard/crtn.o
 *(.fini)
 .fini          0x0000000008006cf0        0x4 c:/st/stm32cubeide_1.12.0/stm32cubeide/plugins/com.st.stm32cube.ide.mcu.externaltools.gnu-tools-for-stm32.10.3-2021.10.win32_1.0.200.202301161003/tools/bin/../lib/gcc/arm-none-eabi/10.3.1/thumb/v7e-m+fp/hard/crti.o
                0x0000000008006cf0                _fini
 .fini          0x0000000008006cf4        0x8 c:/st/stm32cubeide_1.12.0/stm32cubeide/plugins/com.st.stm32cube.ide.mcu.externaltools.gnu-tools-for-stm32.10.3-2021.10.win32_1.0.200.202301161003/tools/bin/../lib/gcc/arm-none-eabi/10.3.1/thumb/v7e-m+fp/hard/crtn.o
                0x0000000008006cfc                . = ALIGN (0x4)
                0x0000000008006cfc                _etext = .

.vfp11_veneer   0x0000000008006cfc        0x0
 .vfp11_veneer  0x0000000008006cfc        0x0 linker stubs

.v4_bx          0x0000000008006cfc        0x0
 .v4_bx         0x0000000008006cfc        0x0 linker stubs

.iplt           0x0000000008006cfc        0x0
 .iplt          0x0000000008006cfc        0x0 c:/st/stm32cubeide_1.12.0/stm32cubeide/plugins/com.st.stm32cube.ide.mcu.externaltools.gnu-tools-for-stm32.10.3-2021.10.win32_1.0.200.202301161003/tools/bin/../lib/gcc/arm-none-eabi/10.3.1/thumb/v7e-m+fp/hard/crtbegin.o

.rodata         0x0000000008006d00      0x230
                0x0000000008006d00                . = ALIGN (0x4)
 *(.rodata)
 *(.rodata*)
 .rodata.AHBPrescTable
                0x0000000008006d00       0x10 ./Core/Src/system_stm32f4xx.o
                0x0000000008006d00                AHBPrescTable
 .rodata.APBPrescTable
                0x0000000008006d10        0x8 ./Core/Src/system_stm32f4xx.o
                0x0000000008006d10                APBPrescTable
 .rodata.atanhi
                0x0000000008006d18       0x20 c:/st/stm32cubeide_1.12.0/stm32cubeide/plugins/com.st.stm32cube.ide.mcu.externaltools.gnu-tools-for-stm32.10.3-2021.10.win32_1.0.200.202301161003/tools/bin/../lib/gcc/arm-none-eabi/10.3.1/../../../../arm-none-eabi/lib/thumb/v7e-m+fp/hard\libm.a(lib_a-s_atan.o)
 .rodata.atanlo
                0x0000000008006d38       0x20 c:/st/stm32cubeide_1.12.0/stm32cubeide/plugins/com.st.stm32cube.ide.mcu.externaltools.gnu-tools-for-stm32.10.3-2021.10.win32_1.0.200.202301161003/tools/bin/../lib/gcc/arm-none-eabi/10.3.1/../../../../arm-none-eabi/lib/thumb/v7e-m+fp/hard\libm.a(lib_a-s_atan.o)
 .rodata.npio2_hw
                0x0000000008006d58       0x80 c:/st/stm32cubeide_1.12.0/stm32cubeide/plugins/com.st.stm32cube.ide.mcu.externaltools.gnu-tools-for-stm32.10.3-2021.10.win32_1.0.200.202301161003/tools/bin/../lib/gcc/arm-none-eabi/10.3.1/../../../../arm-none-eabi/lib/thumb/v7e-m+fp/hard\libm.a(lib_a-e_rem_pio2.o)
 .rodata.two_over_pi
                0x0000000008006dd8      0x108 c:/st/stm32cubeide_1.12.0/stm32cubeide/plugins/com.st.stm32cube.ide.mcu.externaltools.gnu-tools-for-stm32.10.3-2021.10.win32_1.0.200.202301161003/tools/bin/../lib/gcc/arm-none-eabi/10.3.1/../../../../arm-none-eabi/lib/thumb/v7e-m+fp/hard\libm.a(lib_a-e_rem_pio2.o)
 .rodata.PIo2   0x0000000008006ee0       0x40 c:/st/stm32cubeide_1.12.0/stm32cubeide/plugins/com.st.stm32cube.ide.mcu.externaltools.gnu-tools-for-stm32.10.3-2021.10.win32_1.0.200.202301161003/tools/bin/../lib/gcc/arm-none-eabi/10.3.1/../../../../arm-none-eabi/lib/thumb/v7e-m+fp/hard\libm.a(lib_a-k_rem_pio2.o)
 .rodata.init_jk
                0x0000000008006f20       0x10 c:/st/stm32cubeide_1.12.0/stm32cubeide/plugins/com.st.stm32cube.ide.mcu.externaltools.gnu-tools-for-stm32.10.3-2021.10.win32_1.0.200.202301161003/tools/bin/../lib/gcc/arm-none-eabi/10.3.1/../../../../arm-none-eabi/lib/thumb/v7e-m+fp/hard\libm.a(lib_a-k_rem_pio2.o)
                0x0000000008006f30                . = ALIGN (0x4)

.ARM.extab      0x0000000008006f30        0x0
                0x0000000008006f30                . = ALIGN (0x4)
 *(.ARM.extab* .gnu.linkonce.armextab.*)
                0x0000000008006f30                . = ALIGN (0x4)

.ARM            0x0000000008006f30        0x8
                0x0000000008006f30                . = ALIGN (0x4)
                0x0000000008006f30                __exidx_start = .
 *(.ARM.exidx*)
 .ARM.exidx     0x0000000008006f30        0x8 c:/st/stm32cubeide_1.12.0/stm32cubeide/plugins/com.st.stm32cube.ide.mcu.externaltools.gnu-tools-for-stm32.10.3-2021.10.win32_1.0.200.202301161003/tools/bin/../lib/gcc/arm-none-eabi/10.3.1/thumb/v7e-m+fp/hard\libgcc.a(_udivmoddi4.o)
                0x0000000008006f38                __exidx_end = .
                0x0000000008006f38                . = ALIGN (0x4)

.rel.dyn        0x0000000008006f38        0x0
 .rel.iplt      0x0000000008006f38        0x0 c:/st/stm32cubeide_1.12.0/stm32cubeide/plugins/com.st.stm32cube.ide.mcu.externaltools.gnu-tools-for-stm32.10.3-2021.10.win32_1.0.200.202301161003/tools/bin/../lib/gcc/arm-none-eabi/10.3.1/thumb/v7e-m+fp/hard/crtbegin.o

.preinit_array  0x0000000008006f38        0x0
                0x0000000008006f38                . = ALIGN (0x4)
                0x0000000008006f38                PROVIDE (__preinit_array_start = .)
 *(.preinit_array*)
                0x0000000008006f38                PROVIDE (__preinit_array_end = .)
                0x0000000008006f38                . = ALIGN (0x4)

.init_array     0x0000000008006f38        0x4
                0x0000000008006f38                . = ALIGN (0x4)
                0x0000000008006f38                PROVIDE (__init_array_start = .)
 *(SORT_BY_NAME(.init_array.*))
 *(.init_array*)
 .init_array    0x0000000008006f38        0x4 c:/st/stm32cubeide_1.12.0/stm32cubeide/plugins/com.st.stm32cube.ide.mcu.externaltools.gnu-tools-for-stm32.10.3-2021.10.win32_1.0.200.202301161003/tools/bin/../lib/gcc/arm-none-eabi/10.3.1/thumb/v7e-m+fp/hard/crtbegin.o
                0x0000000008006f3c                PROVIDE (__init_array_end = .)
                0x0000000008006f3c                . = ALIGN (0x4)

.fini_array     0x0000000008006f3c        0x4
                0x0000000008006f3c                . = ALIGN (0x4)
                [!provide]                        PROVIDE (__fini_array_start = .)
 *(SORT_BY_NAME(.fini_array.*))
 *(.fini_array*)
 .fini_array    0x0000000008006f3c        0x4 c:/st/stm32cubeide_1.12.0/stm32cubeide/plugins/com.st.stm32cube.ide.mcu.externaltools.gnu-tools-for-stm32.10.3-2021.10.win32_1.0.200.202301161003/tools/bin/../lib/gcc/arm-none-eabi/10.3.1/thumb/v7e-m+fp/hard/crtbegin.o
                [!provide]                        PROVIDE (__fini_array_end = .)
                0x0000000008006f40                . = ALIGN (0x4)
                0x0000000008006f40                _sidata = LOADADDR (.data)

.data           0x0000000020000000       0x2c load address 0x0000000008006f40
                0x0000000020000000                . = ALIGN (0x4)
                0x0000000020000000                _sdata = .
 *(.data)
 *(.data*)
 .data.DMD_1COLOR_ScreenHeight
                0x0000000020000000        0x1 ./Core/Src/disp1color.o
                0x0000000020000000                DMD_1COLOR_ScreenHeight
 .data.DMD_1COLOR_ScreenWidth
                0x0000000020000001        0x1 ./Core/Src/disp1color.o
                0x0000000020000001                DMD_1COLOR_ScreenWidth
 *fill*         0x0000000020000002        0x2 
 .data.anchor   0x0000000020000004        0x8 ./Core/Src/main.o
                0x0000000020000004                anchor
 .data.weight   0x000000002000000c        0x8 ./Core/Src/main.o
                0x000000002000000c                weight
 .data.angle    0x0000000020000014        0x4 ./Core/Src/main.o
                0x0000000020000014                angle
 .data.RopeLength
                0x0000000020000018        0x4 ./Core/Src/main.o
                0x0000000020000018                RopeLength
 .data.k        0x000000002000001c        0x4 ./Core/Src/main.o
                0x000000002000001c                k
 .data.SystemCoreClock
                0x0000000020000020        0x4 ./Core/Src/system_stm32f4xx.o
                0x0000000020000020                SystemCoreClock
 .data.uwTickPrio
                0x0000000020000024        0x4 ./Drivers/STM32F4xx_HAL_Driver/Src/stm32f4xx_hal.o
                0x0000000020000024                uwTickPrio
 .data.uwTickFreq
                0x0000000020000028        0x1 ./Drivers/STM32F4xx_HAL_Driver/Src/stm32f4xx_hal.o
                0x0000000020000028                uwTickFreq
 *(.RamFunc)
 *(.RamFunc*)
                0x000000002000002c                . = ALIGN (0x4)
 *fill*         0x0000000020000029        0x3 
                0x000000002000002c                _edata = .

.igot.plt       0x000000002000002c        0x0 load address 0x0000000008006f6c
 .igot.plt      0x000000002000002c        0x0 c:/st/stm32cubeide_1.12.0/stm32cubeide/plugins/com.st.stm32cube.ide.mcu.externaltools.gnu-tools-for-stm32.10.3-2021.10.win32_1.0.200.202301161003/tools/bin/../lib/gcc/arm-none-eabi/10.3.1/thumb/v7e-m+fp/hard/crtbegin.o
                0x000000002000002c                . = ALIGN (0x4)

.bss            0x000000002000002c      0x268 load address 0x0000000008006f6c
                0x000000002000002c                _sbss = .
                0x000000002000002c                __bss_start__ = _sbss
 *(.bss)
 .bss           0x000000002000002c       0x1c c:/st/stm32cubeide_1.12.0/stm32cubeide/plugins/com.st.stm32cube.ide.mcu.externaltools.gnu-tools-for-stm32.10.3-2021.10.win32_1.0.200.202301161003/tools/bin/../lib/gcc/arm-none-eabi/10.3.1/thumb/v7e-m+fp/hard/crtbegin.o
 *(.bss*)
 .bss.x_acc     0x0000000020000048        0x2 ./Core/Src/ lsm303dlhc.o
                0x0000000020000048                x_acc
 .bss.y_acc     0x000000002000004a        0x2 ./Core/Src/ lsm303dlhc.o
                0x000000002000004a                y_acc
 .bss.z_acc     0x000000002000004c        0x2 ./Core/Src/ lsm303dlhc.o
                0x000000002000004c                z_acc
 *fill*         0x000000002000004e        0x2 
 .bss.DMD_1COLOR_MatrixBuff
                0x0000000020000050       0x40 ./Core/Src/disp1color.o
                0x0000000020000050                DMD_1COLOR_MatrixBuff
 .bss.DMD_1COLOR_Buff
                0x0000000020000090       0x40 ./Core/Src/disp1color.o
                0x0000000020000090                DMD_1COLOR_Buff
 .bss.disp1color_buff
                0x00000000200000d0       0x40 ./Core/Src/disp1color.o
                0x00000000200000d0                disp1color_buff
 .bss.data1     0x0000000020000110       0x10 ./Core/Src/disp1color.o
                0x0000000020000110                data1
 .bss.data2     0x0000000020000120       0x10 ./Core/Src/disp1color.o
                0x0000000020000120                data2
 .bss.data3     0x0000000020000130       0x10 ./Core/Src/disp1color.o
                0x0000000020000130                data3
 .bss.data4     0x0000000020000140       0x10 ./Core/Src/disp1color.o
                0x0000000020000140                data4
 .bss.hi2c1     0x0000000020000150       0x54 ./Core/Src/i2c.o
                0x0000000020000150                hi2c1
 .bss.angleFiltred
                0x00000000200001a4        0x4 ./Core/Src/main.o
                0x00000000200001a4                angleFiltred
 .bss.filVal.0  0x00000000200001a8        0x4 ./Core/Src/main.o
 .bss.hspi1     0x00000000200001ac       0x58 ./Core/Src/spi.o
                0x00000000200001ac                hspi1
 .bss.htim1     0x0000000020000204       0x48 ./Core/Src/tim.o
                0x0000000020000204                htim1
 .bss.huart1    0x000000002000024c       0x44 ./Core/Src/usart.o
                0x000000002000024c                huart1
 .bss.uwTick    0x0000000020000290        0x4 ./Drivers/STM32F4xx_HAL_Driver/Src/stm32f4xx_hal.o
                0x0000000020000290                uwTick
 *(COMMON)
                0x0000000020000294                . = ALIGN (0x4)
                0x0000000020000294                _ebss = .
                0x0000000020000294                __bss_end__ = _ebss

._user_heap_stack
                0x0000000020000294      0x604 load address 0x0000000008006f6c
                0x0000000020000298                . = ALIGN (0x8)
 *fill*         0x0000000020000294        0x4 
                [!provide]                        PROVIDE (end = .)
                0x0000000020000298                PROVIDE (_end = .)
                0x0000000020000498                . = (. + _Min_Heap_Size)
 *fill*         0x0000000020000298      0x200 
                0x0000000020000898                . = (. + _Min_Stack_Size)
 *fill*         0x0000000020000498      0x400 
                0x0000000020000898                . = ALIGN (0x8)

/DISCARD/
 libc.a(*)
 libm.a(*)
 libgcc.a(*)

.ARM.attributes
                0x0000000000000000       0x30
 *(.ARM.attributes)
 .ARM.attributes
                0x0000000000000000       0x1e c:/st/stm32cubeide_1.12.0/stm32cubeide/plugins/com.st.stm32cube.ide.mcu.externaltools.gnu-tools-for-stm32.10.3-2021.10.win32_1.0.200.202301161003/tools/bin/../lib/gcc/arm-none-eabi/10.3.1/thumb/v7e-m+fp/hard/crti.o
 .ARM.attributes
                0x000000000000001e       0x34 c:/st/stm32cubeide_1.12.0/stm32cubeide/plugins/com.st.stm32cube.ide.mcu.externaltools.gnu-tools-for-stm32.10.3-2021.10.win32_1.0.200.202301161003/tools/bin/../lib/gcc/arm-none-eabi/10.3.1/thumb/v7e-m+fp/hard/crtbegin.o
 .ARM.attributes
                0x0000000000000052       0x34 ./Core/Src/ lsm303dlhc.o
 .ARM.attributes
                0x0000000000000086       0x34 ./Core/Src/disp1color.o
 .ARM.attributes
                0x00000000000000ba       0x34 ./Core/Src/gpio.o
 .ARM.attributes
                0x00000000000000ee       0x34 ./Core/Src/i2c.o
 .ARM.attributes
                0x0000000000000122       0x34 ./Core/Src/main.o
 .ARM.attributes
                0x0000000000000156       0x34 ./Core/Src/mainLogic.o
 .ARM.attributes
                0x000000000000018a       0x34 ./Core/Src/spi.o
 .ARM.attributes
                0x00000000000001be       0x34 ./Core/Src/stm32f4xx_hal_msp.o
 .ARM.attributes
                0x00000000000001f2       0x34 ./Core/Src/stm32f4xx_it.o
 .ARM.attributes
                0x0000000000000226       0x34 ./Core/Src/system_stm32f4xx.o
 .ARM.attributes
                0x000000000000025a       0x34 ./Core/Src/tim.o
 .ARM.attributes
                0x000000000000028e       0x34 ./Core/Src/usart.o
 .ARM.attributes
                0x00000000000002c2       0x21 ./Core/Startup/startup_stm32f411vetx.o
 .ARM.attributes
                0x00000000000002e3       0x34 ./Drivers/STM32F4xx_HAL_Driver/Src/stm32f4xx_hal.o
 .ARM.attributes
                0x0000000000000317       0x34 ./Drivers/STM32F4xx_HAL_Driver/Src/stm32f4xx_hal_cortex.o
 .ARM.attributes
                0x000000000000034b       0x34 ./Drivers/STM32F4xx_HAL_Driver/Src/stm32f4xx_hal_gpio.o
 .ARM.attributes
                0x000000000000037f       0x34 ./Drivers/STM32F4xx_HAL_Driver/Src/stm32f4xx_hal_i2c.o
 .ARM.attributes
                0x00000000000003b3       0x34 ./Drivers/STM32F4xx_HAL_Driver/Src/stm32f4xx_hal_rcc.o
 .ARM.attributes
                0x00000000000003e7       0x34 ./Drivers/STM32F4xx_HAL_Driver/Src/stm32f4xx_hal_spi.o
 .ARM.attributes
                0x000000000000041b       0x34 ./Drivers/STM32F4xx_HAL_Driver/Src/stm32f4xx_hal_tim.o
 .ARM.attributes
                0x000000000000044f       0x34 ./Drivers/STM32F4xx_HAL_Driver/Src/stm32f4xx_hal_tim_ex.o
 .ARM.attributes
                0x0000000000000483       0x34 ./Drivers/STM32F4xx_HAL_Driver/Src/stm32f4xx_hal_uart.o
 .ARM.attributes
                0x00000000000004b7       0x34 c:/st/stm32cubeide_1.12.0/stm32cubeide/plugins/com.st.stm32cube.ide.mcu.externaltools.gnu-tools-for-stm32.10.3-2021.10.win32_1.0.200.202301161003/tools/bin/../lib/gcc/arm-none-eabi/10.3.1/../../../../arm-none-eabi/lib/thumb/v7e-m+fp/hard\libc_nano.a(lib_a-init.o)
 .ARM.attributes
                0x00000000000004eb       0x34 c:/st/stm32cubeide_1.12.0/stm32cubeide/plugins/com.st.stm32cube.ide.mcu.externaltools.gnu-tools-for-stm32.10.3-2021.10.win32_1.0.200.202301161003/tools/bin/../lib/gcc/arm-none-eabi/10.3.1/../../../../arm-none-eabi/lib/thumb/v7e-m+fp/hard\libc_nano.a(lib_a-memcpy-stub.o)
 .ARM.attributes
                0x000000000000051f       0x34 c:/st/stm32cubeide_1.12.0/stm32cubeide/plugins/com.st.stm32cube.ide.mcu.externaltools.gnu-tools-for-stm32.10.3-2021.10.win32_1.0.200.202301161003/tools/bin/../lib/gcc/arm-none-eabi/10.3.1/../../../../arm-none-eabi/lib/thumb/v7e-m+fp/hard\libc_nano.a(lib_a-memset.o)
 .ARM.attributes
                0x0000000000000553       0x34 c:/st/stm32cubeide_1.12.0/stm32cubeide/plugins/com.st.stm32cube.ide.mcu.externaltools.gnu-tools-for-stm32.10.3-2021.10.win32_1.0.200.202301161003/tools/bin/../lib/gcc/arm-none-eabi/10.3.1/../../../../arm-none-eabi/lib/thumb/v7e-m+fp/hard\libm.a(lib_a-s_atan.o)
 .ARM.attributes
                0x0000000000000587       0x34 c:/st/stm32cubeide_1.12.0/stm32cubeide/plugins/com.st.stm32cube.ide.mcu.externaltools.gnu-tools-for-stm32.10.3-2021.10.win32_1.0.200.202301161003/tools/bin/../lib/gcc/arm-none-eabi/10.3.1/../../../../arm-none-eabi/lib/thumb/v7e-m+fp/hard\libm.a(lib_a-s_cos.o)
 .ARM.attributes
                0x00000000000005bb       0x34 c:/st/stm32cubeide_1.12.0/stm32cubeide/plugins/com.st.stm32cube.ide.mcu.externaltools.gnu-tools-for-stm32.10.3-2021.10.win32_1.0.200.202301161003/tools/bin/../lib/gcc/arm-none-eabi/10.3.1/../../../../arm-none-eabi/lib/thumb/v7e-m+fp/hard\libm.a(lib_a-s_fabs.o)
 .ARM.attributes
                0x00000000000005ef       0x34 c:/st/stm32cubeide_1.12.0/stm32cubeide/plugins/com.st.stm32cube.ide.mcu.externaltools.gnu-tools-for-stm32.10.3-2021.10.win32_1.0.200.202301161003/tools/bin/../lib/gcc/arm-none-eabi/10.3.1/../../../../arm-none-eabi/lib/thumb/v7e-m+fp/hard\libm.a(lib_a-s_sin.o)
 .ARM.attributes
                0x0000000000000623       0x34 c:/st/stm32cubeide_1.12.0/stm32cubeide/plugins/com.st.stm32cube.ide.mcu.externaltools.gnu-tools-for-stm32.10.3-2021.10.win32_1.0.200.202301161003/tools/bin/../lib/gcc/arm-none-eabi/10.3.1/../../../../arm-none-eabi/lib/thumb/v7e-m+fp/hard\libm.a(lib_a-e_rem_pio2.o)
 .ARM.attributes
                0x0000000000000657       0x34 c:/st/stm32cubeide_1.12.0/stm32cubeide/plugins/com.st.stm32cube.ide.mcu.externaltools.gnu-tools-for-stm32.10.3-2021.10.win32_1.0.200.202301161003/tools/bin/../lib/gcc/arm-none-eabi/10.3.1/../../../../arm-none-eabi/lib/thumb/v7e-m+fp/hard\libm.a(lib_a-k_cos.o)
 .ARM.attributes
                0x000000000000068b       0x34 c:/st/stm32cubeide_1.12.0/stm32cubeide/plugins/com.st.stm32cube.ide.mcu.externaltools.gnu-tools-for-stm32.10.3-2021.10.win32_1.0.200.202301161003/tools/bin/../lib/gcc/arm-none-eabi/10.3.1/../../../../arm-none-eabi/lib/thumb/v7e-m+fp/hard\libm.a(lib_a-k_rem_pio2.o)
 .ARM.attributes
                0x00000000000006bf       0x34 c:/st/stm32cubeide_1.12.0/stm32cubeide/plugins/com.st.stm32cube.ide.mcu.externaltools.gnu-tools-for-stm32.10.3-2021.10.win32_1.0.200.202301161003/tools/bin/../lib/gcc/arm-none-eabi/10.3.1/../../../../arm-none-eabi/lib/thumb/v7e-m+fp/hard\libm.a(lib_a-k_sin.o)
 .ARM.attributes
                0x00000000000006f3       0x34 c:/st/stm32cubeide_1.12.0/stm32cubeide/plugins/com.st.stm32cube.ide.mcu.externaltools.gnu-tools-for-stm32.10.3-2021.10.win32_1.0.200.202301161003/tools/bin/../lib/gcc/arm-none-eabi/10.3.1/../../../../arm-none-eabi/lib/thumb/v7e-m+fp/hard\libm.a(lib_a-s_floor.o)
 .ARM.attributes
                0x0000000000000727       0x34 c:/st/stm32cubeide_1.12.0/stm32cubeide/plugins/com.st.stm32cube.ide.mcu.externaltools.gnu-tools-for-stm32.10.3-2021.10.win32_1.0.200.202301161003/tools/bin/../lib/gcc/arm-none-eabi/10.3.1/../../../../arm-none-eabi/lib/thumb/v7e-m+fp/hard\libm.a(lib_a-s_scalbn.o)
 .ARM.attributes
                0x000000000000075b       0x1e c:/st/stm32cubeide_1.12.0/stm32cubeide/plugins/com.st.stm32cube.ide.mcu.externaltools.gnu-tools-for-stm32.10.3-2021.10.win32_1.0.200.202301161003/tools/bin/../lib/gcc/arm-none-eabi/10.3.1/thumb/v7e-m+fp/hard\libgcc.a(_arm_addsubdf3.o)
 .ARM.attributes
                0x0000000000000779       0x1e c:/st/stm32cubeide_1.12.0/stm32cubeide/plugins/com.st.stm32cube.ide.mcu.externaltools.gnu-tools-for-stm32.10.3-2021.10.win32_1.0.200.202301161003/tools/bin/../lib/gcc/arm-none-eabi/10.3.1/thumb/v7e-m+fp/hard\libgcc.a(_arm_muldivdf3.o)
 .ARM.attributes
                0x0000000000000797       0x1e c:/st/stm32cubeide_1.12.0/stm32cubeide/plugins/com.st.stm32cube.ide.mcu.externaltools.gnu-tools-for-stm32.10.3-2021.10.win32_1.0.200.202301161003/tools/bin/../lib/gcc/arm-none-eabi/10.3.1/thumb/v7e-m+fp/hard\libgcc.a(_arm_cmpdf2.o)
 .ARM.attributes
                0x00000000000007b5       0x1e c:/st/stm32cubeide_1.12.0/stm32cubeide/plugins/com.st.stm32cube.ide.mcu.externaltools.gnu-tools-for-stm32.10.3-2021.10.win32_1.0.200.202301161003/tools/bin/../lib/gcc/arm-none-eabi/10.3.1/thumb/v7e-m+fp/hard\libgcc.a(_arm_fixdfsi.o)
 .ARM.attributes
                0x00000000000007d3       0x1e c:/st/stm32cubeide_1.12.0/stm32cubeide/plugins/com.st.stm32cube.ide.mcu.externaltools.gnu-tools-for-stm32.10.3-2021.10.win32_1.0.200.202301161003/tools/bin/../lib/gcc/arm-none-eabi/10.3.1/thumb/v7e-m+fp/hard\libgcc.a(_arm_truncdfsf2.o)
 .ARM.attributes
                0x00000000000007f1       0x1e c:/st/stm32cubeide_1.12.0/stm32cubeide/plugins/com.st.stm32cube.ide.mcu.externaltools.gnu-tools-for-stm32.10.3-2021.10.win32_1.0.200.202301161003/tools/bin/../lib/gcc/arm-none-eabi/10.3.1/thumb/v7e-m+fp/hard\libgcc.a(_aeabi_uldivmod.o)
 .ARM.attributes
                0x000000000000080f       0x34 c:/st/stm32cubeide_1.12.0/stm32cubeide/plugins/com.st.stm32cube.ide.mcu.externaltools.gnu-tools-for-stm32.10.3-2021.10.win32_1.0.200.202301161003/tools/bin/../lib/gcc/arm-none-eabi/10.3.1/thumb/v7e-m+fp/hard\libgcc.a(_udivmoddi4.o)
 .ARM.attributes
                0x0000000000000843       0x1e c:/st/stm32cubeide_1.12.0/stm32cubeide/plugins/com.st.stm32cube.ide.mcu.externaltools.gnu-tools-for-stm32.10.3-2021.10.win32_1.0.200.202301161003/tools/bin/../lib/gcc/arm-none-eabi/10.3.1/thumb/v7e-m+fp/hard\libgcc.a(_dvmd_tls.o)
 .ARM.attributes
                0x0000000000000861       0x1e c:/st/stm32cubeide_1.12.0/stm32cubeide/plugins/com.st.stm32cube.ide.mcu.externaltools.gnu-tools-for-stm32.10.3-2021.10.win32_1.0.200.202301161003/tools/bin/../lib/gcc/arm-none-eabi/10.3.1/thumb/v7e-m+fp/hard/crtn.o
OUTPUT(Lab1.elf elf32-littlearm)
LOAD linker stubs
LOAD c:/st/stm32cubeide_1.12.0/stm32cubeide/plugins/com.st.stm32cube.ide.mcu.externaltools.gnu-tools-for-stm32.10.3-2021.10.win32_1.0.200.202301161003/tools/bin/../lib/gcc/arm-none-eabi/10.3.1/../../../../arm-none-eabi/lib/thumb/v7e-m+fp/hard\libc.a
LOAD c:/st/stm32cubeide_1.12.0/stm32cubeide/plugins/com.st.stm32cube.ide.mcu.externaltools.gnu-tools-for-stm32.10.3-2021.10.win32_1.0.200.202301161003/tools/bin/../lib/gcc/arm-none-eabi/10.3.1/../../../../arm-none-eabi/lib/thumb/v7e-m+fp/hard\libm.a
LOAD c:/st/stm32cubeide_1.12.0/stm32cubeide/plugins/com.st.stm32cube.ide.mcu.externaltools.gnu-tools-for-stm32.10.3-2021.10.win32_1.0.200.202301161003/tools/bin/../lib/gcc/arm-none-eabi/10.3.1/thumb/v7e-m+fp/hard\libgcc.a

.debug_info     0x0000000000000000    0x13f7e
 .debug_info    0x0000000000000000      0xb83 ./Core/Src/ lsm303dlhc.o
 .debug_info    0x0000000000000b83      0x9d6 ./Core/Src/disp1color.o
 .debug_info    0x0000000000001559      0x4ba ./Core/Src/gpio.o
 .debug_info    0x0000000000001a13      0xa40 ./Core/Src/i2c.o
 .debug_info    0x0000000000002453     0x1197 ./Core/Src/main.o
 .debug_info    0x00000000000035ea      0x11f ./Core/Src/mainLogic.o
 .debug_info    0x0000000000003709      0xa0f ./Core/Src/spi.o
 .debug_info    0x0000000000004118      0x2d4 ./Core/Src/stm32f4xx_hal_msp.o
 .debug_info    0x00000000000043ec      0x735 ./Core/Src/stm32f4xx_it.o
 .debug_info    0x0000000000004b21      0x54f ./Core/Src/system_stm32f4xx.o
 .debug_info    0x0000000000005070      0xcd4 ./Core/Src/tim.o
 .debug_info    0x0000000000005d44      0x9c4 ./Core/Src/usart.o
 .debug_info    0x0000000000006708       0x22 ./Core/Startup/startup_stm32f411vetx.o
 .debug_info    0x000000000000672a      0x90d ./Drivers/STM32F4xx_HAL_Driver/Src/stm32f4xx_hal.o
 .debug_info    0x0000000000007037      0xd8b ./Drivers/STM32F4xx_HAL_Driver/Src/stm32f4xx_hal_cortex.o
 .debug_info    0x0000000000007dc2      0x78e ./Drivers/STM32F4xx_HAL_Driver/Src/stm32f4xx_hal_gpio.o
 .debug_info    0x0000000000008550     0x260f ./Drivers/STM32F4xx_HAL_Driver/Src/stm32f4xx_hal_i2c.o
 .debug_info    0x000000000000ab5f      0x98d ./Drivers/STM32F4xx_HAL_Driver/Src/stm32f4xx_hal_rcc.o
 .debug_info    0x000000000000b4ec     0x1750 ./Drivers/STM32F4xx_HAL_Driver/Src/stm32f4xx_hal_spi.o
 .debug_info    0x000000000000cc3c     0x2bb6 ./Drivers/STM32F4xx_HAL_Driver/Src/stm32f4xx_hal_tim.o
 .debug_info    0x000000000000f7f2     0x15d8 ./Drivers/STM32F4xx_HAL_Driver/Src/stm32f4xx_hal_tim_ex.o
 .debug_info    0x0000000000010dca     0x31b4 ./Drivers/STM32F4xx_HAL_Driver/Src/stm32f4xx_hal_uart.o

.debug_abbrev   0x0000000000000000     0x2b64
 .debug_abbrev  0x0000000000000000      0x258 ./Core/Src/ lsm303dlhc.o
 .debug_abbrev  0x0000000000000258      0x23c ./Core/Src/disp1color.o
 .debug_abbrev  0x0000000000000494      0x146 ./Core/Src/gpio.o
 .debug_abbrev  0x00000000000005da      0x1e0 ./Core/Src/i2c.o
 .debug_abbrev  0x00000000000007ba      0x2e7 ./Core/Src/main.o
 .debug_abbrev  0x0000000000000aa1       0xb9 ./Core/Src/mainLogic.o
 .debug_abbrev  0x0000000000000b5a      0x1e0 ./Core/Src/spi.o
 .debug_abbrev  0x0000000000000d3a       0xd4 ./Core/Src/stm32f4xx_hal_msp.o
 .debug_abbrev  0x0000000000000e0e      0x195 ./Core/Src/stm32f4xx_it.o
 .debug_abbrev  0x0000000000000fa3      0x116 ./Core/Src/system_stm32f4xx.o
 .debug_abbrev  0x00000000000010b9      0x1f1 ./Core/Src/tim.o
 .debug_abbrev  0x00000000000012aa      0x1e7 ./Core/Src/usart.o
 .debug_abbrev  0x0000000000001491       0x12 ./Core/Startup/startup_stm32f411vetx.o
 .debug_abbrev  0x00000000000014a3      0x23e ./Drivers/STM32F4xx_HAL_Driver/Src/stm32f4xx_hal.o
 .debug_abbrev  0x00000000000016e1      0x316 ./Drivers/STM32F4xx_HAL_Driver/Src/stm32f4xx_hal_cortex.o
 .debug_abbrev  0x00000000000019f7      0x1c4 ./Drivers/STM32F4xx_HAL_Driver/Src/stm32f4xx_hal_gpio.o
 .debug_abbrev  0x0000000000001bbb      0x2a8 ./Drivers/STM32F4xx_HAL_Driver/Src/stm32f4xx_hal_i2c.o
 .debug_abbrev  0x0000000000001e63      0x2aa ./Drivers/STM32F4xx_HAL_Driver/Src/stm32f4xx_hal_rcc.o
 .debug_abbrev  0x000000000000210d      0x26e ./Drivers/STM32F4xx_HAL_Driver/Src/stm32f4xx_hal_spi.o
 .debug_abbrev  0x000000000000237b      0x26e ./Drivers/STM32F4xx_HAL_Driver/Src/stm32f4xx_hal_tim.o
 .debug_abbrev  0x00000000000025e9      0x276 ./Drivers/STM32F4xx_HAL_Driver/Src/stm32f4xx_hal_tim_ex.o
 .debug_abbrev  0x000000000000285f      0x305 ./Drivers/STM32F4xx_HAL_Driver/Src/stm32f4xx_hal_uart.o

.debug_aranges  0x0000000000000000     0x11b0
 .debug_aranges
                0x0000000000000000       0x70 ./Core/Src/ lsm303dlhc.o
 .debug_aranges
                0x0000000000000070       0x90 ./Core/Src/disp1color.o
 .debug_aranges
                0x0000000000000100       0x20 ./Core/Src/gpio.o
 .debug_aranges
                0x0000000000000120       0x30 ./Core/Src/i2c.o
 .debug_aranges
                0x0000000000000150       0x40 ./Core/Src/main.o
 .debug_aranges
                0x0000000000000190       0x28 ./Core/Src/mainLogic.o
 .debug_aranges
                0x00000000000001b8       0x30 ./Core/Src/spi.o
 .debug_aranges
                0x00000000000001e8       0x20 ./Core/Src/stm32f4xx_hal_msp.o
 .debug_aranges
                0x0000000000000208       0x68 ./Core/Src/stm32f4xx_it.o
 .debug_aranges
                0x0000000000000270       0x28 ./Core/Src/system_stm32f4xx.o
 .debug_aranges
                0x0000000000000298       0x30 ./Core/Src/tim.o
 .debug_aranges
                0x00000000000002c8       0x30 ./Core/Src/usart.o
 .debug_aranges
                0x00000000000002f8       0x28 ./Core/Startup/startup_stm32f411vetx.o
 .debug_aranges
                0x0000000000000320       0xf0 ./Drivers/STM32F4xx_HAL_Driver/Src/stm32f4xx_hal.o
 .debug_aranges
                0x0000000000000410      0x118 ./Drivers/STM32F4xx_HAL_Driver/Src/stm32f4xx_hal_cortex.o
 .debug_aranges
                0x0000000000000528       0x58 ./Drivers/STM32F4xx_HAL_Driver/Src/stm32f4xx_hal_gpio.o
 .debug_aranges
                0x0000000000000580      0x2a0 ./Drivers/STM32F4xx_HAL_Driver/Src/stm32f4xx_hal_i2c.o
 .debug_aranges
                0x0000000000000820       0x88 ./Drivers/STM32F4xx_HAL_Driver/Src/stm32f4xx_hal_rcc.o
 .debug_aranges
                0x00000000000008a8      0x1d0 ./Drivers/STM32F4xx_HAL_Driver/Src/stm32f4xx_hal_spi.o
 .debug_aranges
                0x0000000000000a78      0x3d0 ./Drivers/STM32F4xx_HAL_Driver/Src/stm32f4xx_hal_tim.o
 .debug_aranges
                0x0000000000000e48      0x168 ./Drivers/STM32F4xx_HAL_Driver/Src/stm32f4xx_hal_tim_ex.o
 .debug_aranges
                0x0000000000000fb0      0x200 ./Drivers/STM32F4xx_HAL_Driver/Src/stm32f4xx_hal_uart.o

.debug_ranges   0x0000000000000000     0x10a0
 .debug_ranges  0x0000000000000000       0x60 ./Core/Src/ lsm303dlhc.o
 .debug_ranges  0x0000000000000060       0x80 ./Core/Src/disp1color.o
 .debug_ranges  0x00000000000000e0       0x10 ./Core/Src/gpio.o
 .debug_ranges  0x00000000000000f0       0x20 ./Core/Src/i2c.o
 .debug_ranges  0x0000000000000110       0x30 ./Core/Src/main.o
 .debug_ranges  0x0000000000000140       0x18 ./Core/Src/mainLogic.o
 .debug_ranges  0x0000000000000158       0x20 ./Core/Src/spi.o
 .debug_ranges  0x0000000000000178       0x10 ./Core/Src/stm32f4xx_hal_msp.o
 .debug_ranges  0x0000000000000188       0x58 ./Core/Src/stm32f4xx_it.o
 .debug_ranges  0x00000000000001e0       0x18 ./Core/Src/system_stm32f4xx.o
 .debug_ranges  0x00000000000001f8       0x20 ./Core/Src/tim.o
 .debug_ranges  0x0000000000000218       0x20 ./Core/Src/usart.o
 .debug_ranges  0x0000000000000238       0x20 ./Core/Startup/startup_stm32f411vetx.o
 .debug_ranges  0x0000000000000258       0xe0 ./Drivers/STM32F4xx_HAL_Driver/Src/stm32f4xx_hal.o
 .debug_ranges  0x0000000000000338      0x108 ./Drivers/STM32F4xx_HAL_Driver/Src/stm32f4xx_hal_cortex.o
 .debug_ranges  0x0000000000000440       0x48 ./Drivers/STM32F4xx_HAL_Driver/Src/stm32f4xx_hal_gpio.o
 .debug_ranges  0x0000000000000488      0x2a8 ./Drivers/STM32F4xx_HAL_Driver/Src/stm32f4xx_hal_i2c.o
 .debug_ranges  0x0000000000000730       0x78 ./Drivers/STM32F4xx_HAL_Driver/Src/stm32f4xx_hal_rcc.o
 .debug_ranges  0x00000000000007a8      0x1c0 ./Drivers/STM32F4xx_HAL_Driver/Src/stm32f4xx_hal_spi.o
 .debug_ranges  0x0000000000000968      0x3c0 ./Drivers/STM32F4xx_HAL_Driver/Src/stm32f4xx_hal_tim.o
 .debug_ranges  0x0000000000000d28      0x158 ./Drivers/STM32F4xx_HAL_Driver/Src/stm32f4xx_hal_tim_ex.o
 .debug_ranges  0x0000000000000e80      0x220 ./Drivers/STM32F4xx_HAL_Driver/Src/stm32f4xx_hal_uart.o

.debug_macro    0x0000000000000000    0x18bb6
 .debug_macro   0x0000000000000000      0x2ce ./Core/Src/ lsm303dlhc.o
 .debug_macro   0x00000000000002ce      0xa78 ./Core/Src/ lsm303dlhc.o
 .debug_macro   0x0000000000000d46      0x2a7 ./Core/Src/ lsm303dlhc.o
 .debug_macro   0x0000000000000fed       0x2e ./Core/Src/ lsm303dlhc.o
 .debug_macro   0x000000000000101b       0x28 ./Core/Src/ lsm303dlhc.o
 .debug_macro   0x0000000000001043       0x22 ./Core/Src/ lsm303dlhc.o
 .debug_macro   0x0000000000001065       0x8e ./Core/Src/ lsm303dlhc.o
 .debug_macro   0x00000000000010f3       0x51 ./Core/Src/ lsm303dlhc.o
 .debug_macro   0x0000000000001144      0x103 ./Core/Src/ lsm303dlhc.o
 .debug_macro   0x0000000000001247       0x6a ./Core/Src/ lsm303dlhc.o
 .debug_macro   0x00000000000012b1      0x1df ./Core/Src/ lsm303dlhc.o
 .debug_macro   0x0000000000001490       0x1c ./Core/Src/ lsm303dlhc.o
 .debug_macro   0x00000000000014ac       0x22 ./Core/Src/ lsm303dlhc.o
 .debug_macro   0x00000000000014ce       0xd9 ./Core/Src/ lsm303dlhc.o
 .debug_macro   0x00000000000015a7     0x102d ./Core/Src/ lsm303dlhc.o
 .debug_macro   0x00000000000025d4      0x11f ./Core/Src/ lsm303dlhc.o
 .debug_macro   0x00000000000026f3     0xb953 ./Core/Src/ lsm303dlhc.o
 .debug_macro   0x000000000000e046       0x6d ./Core/Src/ lsm303dlhc.o
 .debug_macro   0x000000000000e0b3     0x367e ./Core/Src/ lsm303dlhc.o
 .debug_macro   0x0000000000011731      0x174 ./Core/Src/ lsm303dlhc.o
 .debug_macro   0x00000000000118a5       0x5c ./Core/Src/ lsm303dlhc.o
 .debug_macro   0x0000000000011901      0x447 ./Core/Src/ lsm303dlhc.o
 .debug_macro   0x0000000000011d48      0x9fe ./Core/Src/ lsm303dlhc.o
 .debug_macro   0x0000000000012746      0x115 ./Core/Src/ lsm303dlhc.o
 .debug_macro   0x000000000001285b      0x11b ./Core/Src/ lsm303dlhc.o
 .debug_macro   0x0000000000012976       0xa5 ./Core/Src/ lsm303dlhc.o
 .debug_macro   0x0000000000012a1b      0x15f ./Core/Src/ lsm303dlhc.o
 .debug_macro   0x0000000000012b7a      0x287 ./Core/Src/ lsm303dlhc.o
 .debug_macro   0x0000000000012e01       0x5f ./Core/Src/ lsm303dlhc.o
 .debug_macro   0x0000000000012e60      0x236 ./Core/Src/ lsm303dlhc.o
 .debug_macro   0x0000000000013096      0x132 ./Core/Src/ lsm303dlhc.o
 .debug_macro   0x00000000000131c8      0x264 ./Core/Src/ lsm303dlhc.o
 .debug_macro   0x000000000001342c       0x2e ./Core/Src/ lsm303dlhc.o
 .debug_macro   0x000000000001345a      0x1b5 ./Core/Src/ lsm303dlhc.o
 .debug_macro   0x000000000001360f       0x22 ./Core/Src/ lsm303dlhc.o
 .debug_macro   0x0000000000013631       0xd6 ./Core/Src/ lsm303dlhc.o
 .debug_macro   0x0000000000013707      0x11a ./Core/Src/ lsm303dlhc.o
 .debug_macro   0x0000000000013821       0x85 ./Core/Src/ lsm303dlhc.o
 .debug_macro   0x00000000000138a6       0x89 ./Core/Src/ lsm303dlhc.o
 .debug_macro   0x000000000001392f      0x225 ./Core/Src/ lsm303dlhc.o
 .debug_macro   0x0000000000013b54      0x8e6 ./Core/Src/ lsm303dlhc.o
 .debug_macro   0x000000000001443a       0x47 ./Core/Src/ lsm303dlhc.o
 .debug_macro   0x0000000000014481      0x295 ./Core/Src/ lsm303dlhc.o
 .debug_macro   0x0000000000014716      0x126 ./Core/Src/ lsm303dlhc.o
 .debug_macro   0x000000000001483c       0x52 ./Core/Src/ lsm303dlhc.o
 .debug_macro   0x000000000001488e       0x1e ./Core/Src/ lsm303dlhc.o
 .debug_macro   0x00000000000148ac       0x3c ./Core/Src/ lsm303dlhc.o
 .debug_macro   0x00000000000148e8       0x34 ./Core/Src/ lsm303dlhc.o
 .debug_macro   0x000000000001491c       0x16 ./Core/Src/ lsm303dlhc.o
 .debug_macro   0x0000000000014932       0x43 ./Core/Src/ lsm303dlhc.o
 .debug_macro   0x0000000000014975       0x34 ./Core/Src/ lsm303dlhc.o
 .debug_macro   0x00000000000149a9       0x10 ./Core/Src/ lsm303dlhc.o
 .debug_macro   0x00000000000149b9       0x58 ./Core/Src/ lsm303dlhc.o
 .debug_macro   0x0000000000014a11       0x71 ./Core/Src/ lsm303dlhc.o
 .debug_macro   0x0000000000014a82       0x1c ./Core/Src/ lsm303dlhc.o
 .debug_macro   0x0000000000014a9e      0x12a ./Core/Src/ lsm303dlhc.o
 .debug_macro   0x0000000000014bc8      0x341 ./Core/Src/ lsm303dlhc.o
 .debug_macro   0x0000000000014f09       0x10 ./Core/Src/ lsm303dlhc.o
 .debug_macro   0x0000000000014f19       0x35 ./Core/Src/ lsm303dlhc.o
 .debug_macro   0x0000000000014f4e       0x20 ./Core/Src/ lsm303dlhc.o
 .debug_macro   0x0000000000014f6e      0x1cc ./Core/Src/ lsm303dlhc.o
 .debug_macro   0x000000000001513a      0x25d ./Core/Src/disp1color.o
 .debug_macro   0x0000000000015397       0x34 ./Core/Src/disp1color.o
 .debug_macro   0x00000000000153cb      0x6ac ./Core/Src/disp1color.o
 .debug_macro   0x0000000000015a77       0x16 ./Core/Src/disp1color.o
 .debug_macro   0x0000000000015a8d       0x97 ./Core/Src/disp1color.o
 .debug_macro   0x0000000000015b24       0xfd ./Core/Src/disp1color.o
 .debug_macro   0x0000000000015c21       0x10 ./Core/Src/disp1color.o
 .debug_macro   0x0000000000015c31       0x10 ./Core/Src/disp1color.o
 .debug_macro   0x0000000000015c41       0x1c ./Core/Src/disp1color.o
 .debug_macro   0x0000000000015c5d       0x52 ./Core/Src/disp1color.o
 .debug_macro   0x0000000000015caf       0x22 ./Core/Src/disp1color.o
 .debug_macro   0x0000000000015cd1       0x10 ./Core/Src/disp1color.o
 .debug_macro   0x0000000000015ce1       0x52 ./Core/Src/disp1color.o
 .debug_macro   0x0000000000015d33       0xd5 ./Core/Src/disp1color.o
 .debug_macro   0x0000000000015e08       0x1c ./Core/Src/disp1color.o
 .debug_macro   0x0000000000015e24       0x3d ./Core/Src/disp1color.o
 .debug_macro   0x0000000000015e61       0x16 ./Core/Src/disp1color.o
 .debug_macro   0x0000000000015e77      0x145 ./Core/Src/disp1color.o
 .debug_macro   0x0000000000015fbc       0x16 ./Core/Src/disp1color.o
 .debug_macro   0x0000000000015fd2       0x16 ./Core/Src/disp1color.o
 .debug_macro   0x0000000000015fe8       0x29 ./Core/Src/disp1color.o
 .debug_macro   0x0000000000016011       0x4c ./Core/Src/disp1color.o
 .debug_macro   0x000000000001605d       0x16 ./Core/Src/disp1color.o
 .debug_macro   0x0000000000016073       0x10 ./Core/Src/disp1color.o
 .debug_macro   0x0000000000016083       0x5e ./Core/Src/disp1color.o
 .debug_macro   0x00000000000160e1      0x20a ./Core/Src/gpio.o
 .debug_macro   0x00000000000162eb       0xac ./Core/Src/gpio.o
 .debug_macro   0x0000000000016397      0x20a ./Core/Src/i2c.o
 .debug_macro   0x00000000000165a1      0x338 ./Core/Src/main.o
 .debug_macro   0x00000000000168d9       0x10 ./Core/Src/main.o
 .debug_macro   0x00000000000168e9      0x19b ./Core/Src/main.o
 .debug_macro   0x0000000000016a84      0x2ac ./Core/Src/mainLogic.o
 .debug_macro   0x0000000000016d30      0x20a ./Core/Src/spi.o
 .debug_macro   0x0000000000016f3a      0x200 ./Core/Src/stm32f4xx_hal_msp.o
 .debug_macro   0x000000000001713a      0x21c ./Core/Src/stm32f4xx_it.o
 .debug_macro   0x0000000000017356      0x1f1 ./Core/Src/system_stm32f4xx.o
 .debug_macro   0x0000000000017547      0x20a ./Core/Src/tim.o
 .debug_macro   0x0000000000017751      0x20a ./Core/Src/usart.o
 .debug_macro   0x000000000001795b      0x251 ./Drivers/STM32F4xx_HAL_Driver/Src/stm32f4xx_hal.o
 .debug_macro   0x0000000000017bac      0x1f1 ./Drivers/STM32F4xx_HAL_Driver/Src/stm32f4xx_hal_cortex.o
 .debug_macro   0x0000000000017d9d      0x1f7 ./Drivers/STM32F4xx_HAL_Driver/Src/stm32f4xx_hal_gpio.o
 .debug_macro   0x0000000000017f94      0x238 ./Drivers/STM32F4xx_HAL_Driver/Src/stm32f4xx_hal_i2c.o
 .debug_macro   0x00000000000181cc      0x215 ./Drivers/STM32F4xx_HAL_Driver/Src/stm32f4xx_hal_rcc.o
 .debug_macro   0x00000000000183e1      0x200 ./Drivers/STM32F4xx_HAL_Driver/Src/stm32f4xx_hal_spi.o
 .debug_macro   0x00000000000185e1      0x1f2 ./Drivers/STM32F4xx_HAL_Driver/Src/stm32f4xx_hal_tim.o
 .debug_macro   0x00000000000187d3      0x1f1 ./Drivers/STM32F4xx_HAL_Driver/Src/stm32f4xx_hal_tim_ex.o
 .debug_macro   0x00000000000189c4      0x1f2 ./Drivers/STM32F4xx_HAL_Driver/Src/stm32f4xx_hal_uart.o

.debug_line     0x0000000000000000    0x1655b
 .debug_line    0x0000000000000000      0xb17 ./Core/Src/ lsm303dlhc.o
 .debug_line    0x0000000000000b17      0xbc0 ./Core/Src/disp1color.o
 .debug_line    0x00000000000016d7      0x734 ./Core/Src/gpio.o
 .debug_line    0x0000000000001e0b      0x775 ./Core/Src/i2c.o
 .debug_line    0x0000000000002580      0xb3a ./Core/Src/main.o
 .debug_line    0x00000000000030ba      0x8a7 ./Core/Src/mainLogic.o
 .debug_line    0x0000000000003961      0x77d ./Core/Src/spi.o
 .debug_line    0x00000000000040de      0x70b ./Core/Src/stm32f4xx_hal_msp.o
 .debug_line    0x00000000000047e9      0x805 ./Core/Src/stm32f4xx_it.o
 .debug_line    0x0000000000004fee      0x78d ./Core/Src/system_stm32f4xx.o
 .debug_line    0x000000000000577b      0x7ad ./Core/Src/tim.o
 .debug_line    0x0000000000005f28      0x775 ./Core/Src/usart.o
 .debug_line    0x000000000000669d       0x88 ./Core/Startup/startup_stm32f411vetx.o
 .debug_line    0x0000000000006725      0x9f3 ./Drivers/STM32F4xx_HAL_Driver/Src/stm32f4xx_hal.o
 .debug_line    0x0000000000007118      0xca2 ./Drivers/STM32F4xx_HAL_Driver/Src/stm32f4xx_hal_cortex.o
 .debug_line    0x0000000000007dba      0xb2b ./Drivers/STM32F4xx_HAL_Driver/Src/stm32f4xx_hal_gpio.o
 .debug_line    0x00000000000088e5     0x39a8 ./Drivers/STM32F4xx_HAL_Driver/Src/stm32f4xx_hal_i2c.o
 .debug_line    0x000000000000c28d      0xd6d ./Drivers/STM32F4xx_HAL_Driver/Src/stm32f4xx_hal_rcc.o
 .debug_line    0x000000000000cffa     0x1c7d ./Drivers/STM32F4xx_HAL_Driver/Src/stm32f4xx_hal_spi.o
 .debug_line    0x000000000000ec77     0x34c1 ./Drivers/STM32F4xx_HAL_Driver/Src/stm32f4xx_hal_tim.o
 .debug_line    0x0000000000012138     0x198b ./Drivers/STM32F4xx_HAL_Driver/Src/stm32f4xx_hal_tim_ex.o
 .debug_line    0x0000000000013ac3     0x2a98 ./Drivers/STM32F4xx_HAL_Driver/Src/stm32f4xx_hal_uart.o

.debug_str      0x0000000000000000    0x94a3e
 .debug_str     0x0000000000000000    0x8d591 ./Core/Src/ lsm303dlhc.o
                                      0x8d8be (size before relaxing)
 .debug_str     0x000000000008d591     0x24f9 ./Core/Src/disp1color.o
                                       0x9313 (size before relaxing)
 .debug_str     0x000000000008fa8a      0x213 ./Core/Src/gpio.o
                                      0x89de7 (size before relaxing)
 .debug_str     0x000000000008fc9d       0x81 ./Core/Src/i2c.o
                                      0x8a31b (size before relaxing)
 .debug_str     0x000000000008fd1e      0xecf ./Core/Src/main.o
                                      0x8e77e (size before relaxing)
 .debug_str     0x0000000000090bed       0x1d ./Core/Src/mainLogic.o
                                      0x8cdc0 (size before relaxing)
 .debug_str     0x0000000000090c0a       0x4b ./Core/Src/spi.o
                                      0x8a273 (size before relaxing)
 .debug_str     0x0000000000090c55       0x2c ./Core/Src/stm32f4xx_hal_msp.o
                                      0x89d1c (size before relaxing)
 .debug_str     0x0000000000090c81       0xf5 ./Core/Src/stm32f4xx_it.o
                                      0x8a2d7 (size before relaxing)
 .debug_str     0x0000000000090d76       0xdb ./Core/Src/system_stm32f4xx.o
                                      0x89982 (size before relaxing)
 .debug_str     0x0000000000090e51      0x5c9 ./Core/Src/tim.o
                                      0x8a851 (size before relaxing)
 .debug_str     0x000000000009141a      0x1c8 ./Core/Src/usart.o
                                      0x8a27c (size before relaxing)
 .debug_str     0x00000000000915e2       0x36 ./Core/Startup/startup_stm32f411vetx.o
                                         0x64 (size before relaxing)
 .debug_str     0x0000000000091618      0x603 ./Drivers/STM32F4xx_HAL_Driver/Src/stm32f4xx_hal.o
                                      0x8a3ae (size before relaxing)
 .debug_str     0x0000000000091c1b      0x32d ./Drivers/STM32F4xx_HAL_Driver/Src/stm32f4xx_hal_cortex.o
                                      0x8a0cf (size before relaxing)
 .debug_str     0x0000000000091f48      0x121 ./Drivers/STM32F4xx_HAL_Driver/Src/stm32f4xx_hal_gpio.o
                                      0x89afd (size before relaxing)
 .debug_str     0x0000000000092069      0xae0 ./Drivers/STM32F4xx_HAL_Driver/Src/stm32f4xx_hal_i2c.o
                                      0x8a940 (size before relaxing)
 .debug_str     0x0000000000092b49      0x213 ./Drivers/STM32F4xx_HAL_Driver/Src/stm32f4xx_hal_rcc.o
                                      0x89db6 (size before relaxing)
 .debug_str     0x0000000000092d5c      0x543 ./Drivers/STM32F4xx_HAL_Driver/Src/stm32f4xx_hal_spi.o
                                      0x8a234 (size before relaxing)
 .debug_str     0x000000000009329f      0xdca ./Drivers/STM32F4xx_HAL_Driver/Src/stm32f4xx_hal_tim.o
                                      0x8acea (size before relaxing)
 .debug_str     0x0000000000094069      0x3e1 ./Drivers/STM32F4xx_HAL_Driver/Src/stm32f4xx_hal_tim_ex.o
                                      0x8a506 (size before relaxing)
 .debug_str     0x000000000009444a      0x5f4 ./Drivers/STM32F4xx_HAL_Driver/Src/stm32f4xx_hal_uart.o
                                      0x8a343 (size before relaxing)

.comment        0x0000000000000000       0x50
 .comment       0x0000000000000000       0x50 ./Core/Src/ lsm303dlhc.o
                                         0x51 (size before relaxing)
 .comment       0x0000000000000050       0x51 ./Core/Src/disp1color.o
 .comment       0x0000000000000050       0x51 ./Core/Src/gpio.o
 .comment       0x0000000000000050       0x51 ./Core/Src/i2c.o
 .comment       0x0000000000000050       0x51 ./Core/Src/main.o
 .comment       0x0000000000000050       0x51 ./Core/Src/mainLogic.o
 .comment       0x0000000000000050       0x51 ./Core/Src/spi.o
 .comment       0x0000000000000050       0x51 ./Core/Src/stm32f4xx_hal_msp.o
 .comment       0x0000000000000050       0x51 ./Core/Src/stm32f4xx_it.o
 .comment       0x0000000000000050       0x51 ./Core/Src/system_stm32f4xx.o
 .comment       0x0000000000000050       0x51 ./Core/Src/tim.o
 .comment       0x0000000000000050       0x51 ./Core/Src/usart.o
 .comment       0x0000000000000050       0x51 ./Drivers/STM32F4xx_HAL_Driver/Src/stm32f4xx_hal.o
 .comment       0x0000000000000050       0x51 ./Drivers/STM32F4xx_HAL_Driver/Src/stm32f4xx_hal_cortex.o
 .comment       0x0000000000000050       0x51 ./Drivers/STM32F4xx_HAL_Driver/Src/stm32f4xx_hal_gpio.o
 .comment       0x0000000000000050       0x51 ./Drivers/STM32F4xx_HAL_Driver/Src/stm32f4xx_hal_i2c.o
 .comment       0x0000000000000050       0x51 ./Drivers/STM32F4xx_HAL_Driver/Src/stm32f4xx_hal_rcc.o
 .comment       0x0000000000000050       0x51 ./Drivers/STM32F4xx_HAL_Driver/Src/stm32f4xx_hal_spi.o
 .comment       0x0000000000000050       0x51 ./Drivers/STM32F4xx_HAL_Driver/Src/stm32f4xx_hal_tim.o
 .comment       0x0000000000000050       0x51 ./Drivers/STM32F4xx_HAL_Driver/Src/stm32f4xx_hal_tim_ex.o
 .comment       0x0000000000000050       0x51 ./Drivers/STM32F4xx_HAL_Driver/Src/stm32f4xx_hal_uart.o

.debug_frame    0x0000000000000000     0x4ed4
 .debug_frame   0x0000000000000000      0x194 ./Core/Src/ lsm303dlhc.o
 .debug_frame   0x0000000000000194      0x250 ./Core/Src/disp1color.o
 .debug_frame   0x00000000000003e4       0x34 ./Core/Src/gpio.o
 .debug_frame   0x0000000000000418       0x74 ./Core/Src/i2c.o
 .debug_frame   0x000000000000048c       0xb8 ./Core/Src/main.o
 .debug_frame   0x0000000000000544       0x54 ./Core/Src/mainLogic.o
 .debug_frame   0x0000000000000598       0x74 ./Core/Src/spi.o
 .debug_frame   0x000000000000060c       0x38 ./Core/Src/stm32f4xx_hal_msp.o
 .debug_frame   0x0000000000000644      0x120 ./Core/Src/stm32f4xx_it.o
 .debug_frame   0x0000000000000764       0x58 ./Core/Src/system_stm32f4xx.o
 .debug_frame   0x00000000000007bc       0x7c ./Core/Src/tim.o
 .debug_frame   0x0000000000000838       0x74 ./Core/Src/usart.o
 .debug_frame   0x00000000000008ac      0x374 ./Drivers/STM32F4xx_HAL_Driver/Src/stm32f4xx_hal.o
 .debug_frame   0x0000000000000c20      0x498 ./Drivers/STM32F4xx_HAL_Driver/Src/stm32f4xx_hal_cortex.o
 .debug_frame   0x00000000000010b8      0x14c ./Drivers/STM32F4xx_HAL_Driver/Src/stm32f4xx_hal_gpio.o
 .debug_frame   0x0000000000001204      0xc5c ./Drivers/STM32F4xx_HAL_Driver/Src/stm32f4xx_hal_i2c.o
 .debug_frame   0x0000000000001e60      0x1f4 ./Drivers/STM32F4xx_HAL_Driver/Src/stm32f4xx_hal_rcc.o
 .debug_frame   0x0000000000002054      0x824 ./Drivers/STM32F4xx_HAL_Driver/Src/stm32f4xx_hal_spi.o
 .debug_frame   0x0000000000002878     0x11bc ./Drivers/STM32F4xx_HAL_Driver/Src/stm32f4xx_hal_tim.o
 .debug_frame   0x0000000000003a34      0x638 ./Drivers/STM32F4xx_HAL_Driver/Src/stm32f4xx_hal_tim_ex.o
 .debug_frame   0x000000000000406c      0x92c ./Drivers/STM32F4xx_HAL_Driver/Src/stm32f4xx_hal_uart.o
 .debug_frame   0x0000000000004998       0x2c c:/st/stm32cubeide_1.12.0/stm32cubeide/plugins/com.st.stm32cube.ide.mcu.externaltools.gnu-tools-for-stm32.10.3-2021.10.win32_1.0.200.202301161003/tools/bin/../lib/gcc/arm-none-eabi/10.3.1/../../../../arm-none-eabi/lib/thumb/v7e-m+fp/hard\libc_nano.a(lib_a-init.o)
 .debug_frame   0x00000000000049c4       0x28 c:/st/stm32cubeide_1.12.0/stm32cubeide/plugins/com.st.stm32cube.ide.mcu.externaltools.gnu-tools-for-stm32.10.3-2021.10.win32_1.0.200.202301161003/tools/bin/../lib/gcc/arm-none-eabi/10.3.1/../../../../arm-none-eabi/lib/thumb/v7e-m+fp/hard\libc_nano.a(lib_a-memcpy-stub.o)
 .debug_frame   0x00000000000049ec       0x20 c:/st/stm32cubeide_1.12.0/stm32cubeide/plugins/com.st.stm32cube.ide.mcu.externaltools.gnu-tools-for-stm32.10.3-2021.10.win32_1.0.200.202301161003/tools/bin/../lib/gcc/arm-none-eabi/10.3.1/../../../../arm-none-eabi/lib/thumb/v7e-m+fp/hard\libc_nano.a(lib_a-memset.o)
 .debug_frame   0x0000000000004a0c       0x38 c:/st/stm32cubeide_1.12.0/stm32cubeide/plugins/com.st.stm32cube.ide.mcu.externaltools.gnu-tools-for-stm32.10.3-2021.10.win32_1.0.200.202301161003/tools/bin/../lib/gcc/arm-none-eabi/10.3.1/../../../../arm-none-eabi/lib/thumb/v7e-m+fp/hard\libm.a(lib_a-s_atan.o)
 .debug_frame   0x0000000000004a44       0x38 c:/st/stm32cubeide_1.12.0/stm32cubeide/plugins/com.st.stm32cube.ide.mcu.externaltools.gnu-tools-for-stm32.10.3-2021.10.win32_1.0.200.202301161003/tools/bin/../lib/gcc/arm-none-eabi/10.3.1/../../../../arm-none-eabi/lib/thumb/v7e-m+fp/hard\libm.a(lib_a-s_cos.o)
 .debug_frame   0x0000000000004a7c       0x20 c:/st/stm32cubeide_1.12.0/stm32cubeide/plugins/com.st.stm32cube.ide.mcu.externaltools.gnu-tools-for-stm32.10.3-2021.10.win32_1.0.200.202301161003/tools/bin/../lib/gcc/arm-none-eabi/10.3.1/../../../../arm-none-eabi/lib/thumb/v7e-m+fp/hard\libm.a(lib_a-s_fabs.o)
 .debug_frame   0x0000000000004a9c       0x38 c:/st/stm32cubeide_1.12.0/stm32cubeide/plugins/com.st.stm32cube.ide.mcu.externaltools.gnu-tools-for-stm32.10.3-2021.10.win32_1.0.200.202301161003/tools/bin/../lib/gcc/arm-none-eabi/10.3.1/../../../../arm-none-eabi/lib/thumb/v7e-m+fp/hard\libm.a(lib_a-s_sin.o)
 .debug_frame   0x0000000000004ad4       0x50 c:/st/stm32cubeide_1.12.0/stm32cubeide/plugins/com.st.stm32cube.ide.mcu.externaltools.gnu-tools-for-stm32.10.3-2021.10.win32_1.0.200.202301161003/tools/bin/../lib/gcc/arm-none-eabi/10.3.1/../../../../arm-none-eabi/lib/thumb/v7e-m+fp/hard\libm.a(lib_a-e_rem_pio2.o)
 .debug_frame   0x0000000000004b24       0x3c c:/st/stm32cubeide_1.12.0/stm32cubeide/plugins/com.st.stm32cube.ide.mcu.externaltools.gnu-tools-for-stm32.10.3-2021.10.win32_1.0.200.202301161003/tools/bin/../lib/gcc/arm-none-eabi/10.3.1/../../../../arm-none-eabi/lib/thumb/v7e-m+fp/hard\libm.a(lib_a-k_cos.o)
 .debug_frame   0x0000000000004b60       0x54 c:/st/stm32cubeide_1.12.0/stm32cubeide/plugins/com.st.stm32cube.ide.mcu.externaltools.gnu-tools-for-stm32.10.3-2021.10.win32_1.0.200.202301161003/tools/bin/../lib/gcc/arm-none-eabi/10.3.1/../../../../arm-none-eabi/lib/thumb/v7e-m+fp/hard\libm.a(lib_a-k_rem_pio2.o)
 .debug_frame   0x0000000000004bb4       0x5c c:/st/stm32cubeide_1.12.0/stm32cubeide/plugins/com.st.stm32cube.ide.mcu.externaltools.gnu-tools-for-stm32.10.3-2021.10.win32_1.0.200.202301161003/tools/bin/../lib/gcc/arm-none-eabi/10.3.1/../../../../arm-none-eabi/lib/thumb/v7e-m+fp/hard\libm.a(lib_a-k_sin.o)
 .debug_frame   0x0000000000004c10       0x30 c:/st/stm32cubeide_1.12.0/stm32cubeide/plugins/com.st.stm32cube.ide.mcu.externaltools.gnu-tools-for-stm32.10.3-2021.10.win32_1.0.200.202301161003/tools/bin/../lib/gcc/arm-none-eabi/10.3.1/../../../../arm-none-eabi/lib/thumb/v7e-m+fp/hard\libm.a(lib_a-s_floor.o)
 .debug_frame   0x0000000000004c40       0x2c c:/st/stm32cubeide_1.12.0/stm32cubeide/plugins/com.st.stm32cube.ide.mcu.externaltools.gnu-tools-for-stm32.10.3-2021.10.win32_1.0.200.202301161003/tools/bin/../lib/gcc/arm-none-eabi/10.3.1/../../../../arm-none-eabi/lib/thumb/v7e-m+fp/hard\libm.a(lib_a-s_scalbn.o)
 .debug_frame   0x0000000000004c6c       0xac c:/st/stm32cubeide_1.12.0/stm32cubeide/plugins/com.st.stm32cube.ide.mcu.externaltools.gnu-tools-for-stm32.10.3-2021.10.win32_1.0.200.202301161003/tools/bin/../lib/gcc/arm-none-eabi/10.3.1/thumb/v7e-m+fp/hard\libgcc.a(_arm_addsubdf3.o)
 .debug_frame   0x0000000000004d18       0x50 c:/st/stm32cubeide_1.12.0/stm32cubeide/plugins/com.st.stm32cube.ide.mcu.externaltools.gnu-tools-for-stm32.10.3-2021.10.win32_1.0.200.202301161003/tools/bin/../lib/gcc/arm-none-eabi/10.3.1/thumb/v7e-m+fp/hard\libgcc.a(_arm_muldivdf3.o)
 .debug_frame   0x0000000000004d68       0xc4 c:/st/stm32cubeide_1.12.0/stm32cubeide/plugins/com.st.stm32cube.ide.mcu.externaltools.gnu-tools-for-stm32.10.3-2021.10.win32_1.0.200.202301161003/tools/bin/../lib/gcc/arm-none-eabi/10.3.1/thumb/v7e-m+fp/hard\libgcc.a(_arm_cmpdf2.o)
 .debug_frame   0x0000000000004e2c       0x24 c:/st/stm32cubeide_1.12.0/stm32cubeide/plugins/com.st.stm32cube.ide.mcu.externaltools.gnu-tools-for-stm32.10.3-2021.10.win32_1.0.200.202301161003/tools/bin/../lib/gcc/arm-none-eabi/10.3.1/thumb/v7e-m+fp/hard\libgcc.a(_arm_fixdfsi.o)
 .debug_frame   0x0000000000004e50       0x24 c:/st/stm32cubeide_1.12.0/stm32cubeide/plugins/com.st.stm32cube.ide.mcu.externaltools.gnu-tools-for-stm32.10.3-2021.10.win32_1.0.200.202301161003/tools/bin/../lib/gcc/arm-none-eabi/10.3.1/thumb/v7e-m+fp/hard\libgcc.a(_arm_truncdfsf2.o)
 .debug_frame   0x0000000000004e74       0x2c c:/st/stm32cubeide_1.12.0/stm32cubeide/plugins/com.st.stm32cube.ide.mcu.externaltools.gnu-tools-for-stm32.10.3-2021.10.win32_1.0.200.202301161003/tools/bin/../lib/gcc/arm-none-eabi/10.3.1/thumb/v7e-m+fp/hard\libgcc.a(_aeabi_uldivmod.o)
 .debug_frame   0x0000000000004ea0       0x34 c:/st/stm32cubeide_1.12.0/stm32cubeide/plugins/com.st.stm32cube.ide.mcu.externaltools.gnu-tools-for-stm32.10.3-2021.10.win32_1.0.200.202301161003/tools/bin/../lib/gcc/arm-none-eabi/10.3.1/thumb/v7e-m+fp/hard\libgcc.a(_udivmoddi4.o)